[manifest] resolving 1 day folders
[manifest] class=NSR selected=3 train=1 val=1 test=1
[manifest] class=AFIB selected=3 train=1 val=1 test=1
[manifest] class=SBR selected=3 train=1 val=1 test=1
[manifest] class=AB selected=3 train=1 val=1 test=1
[manifest] class=SVTA selected=3 train=1 val=1 test=1
[manifest] class=B selected=3 train=1 val=1 test=1
[manifest] total_files=18 total_windows=144
{
  "exp_dir": "/Users/Sonny/Research/W\uff5cECFGClassifier/experiments/task_aware_denoiser_finetune/exp_012",
  "device": "cpu",
  "train_windows": 48,
  "val_windows": 48,
  "test_windows": 48,
  "mapping_preset": "rmxjck_rhythm6_loose",
  "classifier_input": "raw",
  "classifier_only": true,
  "batch_size": 4,
  "num_workers": 0,
  "file_batch_sampler": true,
  "checkpoint_every_batches": 2,
  "class_order": [
    "NSR",
    "AFIB",
    "SBR",
    "AB",
    "SVTA",
    "B"
  ]
}
[stage1][epoch 1/1][batch 1/12] loss=1.8524
[stage1] saved interval checkpoint step=2 epoch=1 batch=2
[stage1][step 2] running validation
[stage1][step 2] val_loss=1.7934 val_acc=0.1667 val_f1=0.0476
[stage1][step 2] val_class_accuracy={"AB": 0.0, "AFIB": 0.0, "B": 1.0, "NSR": 0.0, "SBR": 0.0, "SVTA": 0.0}
[stage1] saved interval checkpoint step=4 epoch=1 batch=4
[stage1][step 4] running validation
[stage1][step 4] val_loss=1.7932 val_acc=0.1667 val_f1=0.0476
[stage1][step 4] val_class_accuracy={"AB": 0.0, "AFIB": 0.0, "B": 1.0, "NSR": 0.0, "SBR": 0.0, "SVTA": 0.0}
[stage1][epoch 1/1][batch 6/12] loss=1.8717
[stage1] saved interval checkpoint step=6 epoch=1 batch=6
[stage1][step 6] running validation
[stage1][step 6] val_loss=1.7930 val_acc=0.1667 val_f1=0.0476
[stage1][step 6] val_class_accuracy={"AB": 0.0, "AFIB": 0.0, "B": 1.0, "NSR": 0.0, "SBR": 0.0, "SVTA": 0.0}
[stage1] saved interval checkpoint step=8 epoch=1 batch=8
[stage1][step 8] running validation
[stage1][step 8] val_loss=1.7925 val_acc=0.1667 val_f1=0.0476
[stage1][step 8] val_class_accuracy={"AB": 0.0, "AFIB": 0.0, "B": 1.0, "NSR": 0.0, "SBR": 0.0, "SVTA": 0.0}
[stage1] saved interval checkpoint step=10 epoch=1 batch=10
[stage1][step 10] running validation
[stage1][step 10] val_loss=1.7919 val_acc=0.1667 val_f1=0.0476
[stage1][step 10] val_class_accuracy={"AB": 0.0, "AFIB": 0.0, "B": 1.0, "NSR": 0.0, "SBR": 0.0, "SVTA": 0.0}
[stage1][epoch 1/1][batch 12/12] loss=1.8937
[stage1] saved interval checkpoint step=12 epoch=1 batch=12
[stage1][step 12] running validation
[stage1][step 12] val_loss=1.7930 val_acc=0.1667 val_f1=0.0485
[stage1][step 12] val_class_accuracy={"AB": 0.0, "AFIB": 0.0, "B": 1.0, "NSR": 0.0, "SBR": 0.0, "SVTA": 0.0}
[stage1][epoch 1/1] train_loss=1.8889 train_f1=0.0446 val_loss=1.7930 val_f1=0.0485
[stage1][epoch 1/1] val_class_accuracy={"AB": 0.0, "AFIB": 0.0, "B": 1.0, "NSR": 0.0, "SBR": 0.0, "SVTA": 0.0}
{
  "exp_dir": "/Users/Sonny/Research/W\uff5cECFGClassifier/experiments/task_aware_denoiser_finetune/exp_012",
  "device": "cpu",
  "train_windows": 48,
  "val_windows": 48,
  "test_windows": 48,
  "stage1_val_accuracy": 0.16666666666666666,
  "stage1_val_macro_f1": 0.048484848484848485,
  "stage1_val_per_class_accuracy": {
    "NSR": 0.0,
    "AFIB": 0.0,
    "SBR": 0.0,
    "AB": 0.0,
    "SVTA": 0.0,
    "B": 1.0
  },
  "stage1_test_accuracy": 0.16666666666666666,
  "stage1_test_macro_f1": 0.05128205128205129
}
