{
  "checkpoint": "/Users/Sonny/Research/W\uff5cECFGClassifier/experiments/task_aware_denoiser_finetune/mil_experiments/exp_006/checkpoints/step_00072000.ckpt",
  "device": "mps",
  "split": "val"
}
[init] pretrained_cnn_bilstm from best_model.pt loaded 41 tensors; skipped 2 mismatched tensors
[init] detection window encoder from step_00072000.ckpt loaded 43 tensors; skipped 0 mismatched tensors
[load] missing_keys=0 unexpected_keys=0
[manifest] class=21AvB selected=7696 train=6156 val=770 test=770
[manifest] class=AF selected=9997 train=7997 val=1000 test=1000
[manifest] class=AtCou selected=9993 train=7995 val=999 test=999
[manifest] class=AtRun selected=9998 train=7998 val=1000 test=1000
[manifest] class=ComHB selected=3427 train=2741 val=343 test=343
[manifest] class=EctAR selected=9325 train=7461 val=932 test=932
[manifest] class=EctAt selected=9998 train=7998 val=1000 test=1000
[manifest] class=EctVe selected=9998 train=7998 val=1000 test=1000
[manifest] class=Idiov selected=458 train=366 val=46 test=46
[manifest] class=JuRhy selected=9443 train=7555 val=944 test=944
[manifest] class=Noise selected=19299 train=15439 val=1930 test=1930
[manifest] class=PaRhy selected=3121 train=2497 val=312 test=312
[manifest] class=Pause selected=8173 train=6539 val=817 test=817
[manifest] class=SArrh selected=10000 train=8000 val=1000 test=1000
[manifest] class=SRhy selected=9997 train=7997 val=1000 test=1000
[manifest] class=SVT selected=9674 train=7740 val=967 test=967
[manifest] class=VT selected=5402 train=4322 val=540 test=540
[manifest] class=VeCou selected=9997 train=7997 val=1000 test=1000
[manifest] class=Wenck selected=9997 train=7997 val=1000 test=1000
[manifest] total_files=165993 total_windows=1330782
[calibrate][batch 1/190] bags=4
[calibrate][batch 50/190] bags=200
[calibrate][batch 100/190] bags=400
[calibrate][batch 150/190] bags=600
[calibrate][batch 190/190] bags=760
{
  "checkpoint": "/Users/Sonny/Research/W\uff5cECFGClassifier/experiments/task_aware_denoiser_finetune/mil_experiments/exp_006/checkpoints/step_00072000.ckpt",
  "evaluated_bags": 760,
  "softmax_top1_accuracy": 0.6960526315789474,
  "softmax_macro_f1": 0.6802462060743686,
  "best_macro_f1": {
    "threshold": 0.95,
    "noise_threshold": 0.5,
    "contains_true_rate": 0.8118421052631579,
    "sample_precision": 0.42846491228070116,
    "sample_recall": 0.8118421052631579,
    "sample_f1": 0.529906015037595,
    "micro_precision": 0.3570601851851852,
    "micro_recall": 0.8118421052631579,
    "micro_f1": 0.4959807073954984,
    "macro_accuracy": 0.913157894736842,
    "macro_f1": 0.5465037193894247,
    "priority_primary_accuracy": 0.5210526315789473,
    "average_predicted_labels": 2.2736842105263158
  },
  "best_sample_f1": {
    "threshold": 0.95,
    "noise_threshold": 0.5,
    "contains_true_rate": 0.8118421052631579,
    "sample_precision": 0.42846491228070116,
    "sample_recall": 0.8118421052631579,
    "sample_f1": 0.529906015037595,
    "micro_precision": 0.3570601851851852,
    "micro_recall": 0.8118421052631579,
    "micro_f1": 0.4959807073954984,
    "macro_accuracy": 0.913157894736842,
    "macro_f1": 0.5465037193894247,
    "priority_primary_accuracy": 0.5210526315789473,
    "average_predicted_labels": 2.2736842105263158
  },
  "best_balanced_target_2_labels": {
    "threshold": 0.95,
    "noise_threshold": 0.5,
    "contains_true_rate": 0.8118421052631579,
    "sample_precision": 0.42846491228070116,
    "sample_recall": 0.8118421052631579,
    "sample_f1": 0.529906015037595,
    "micro_precision": 0.3570601851851852,
    "micro_recall": 0.8118421052631579,
    "micro_f1": 0.4959807073954984,
    "macro_accuracy": 0.913157894736842,
    "macro_f1": 0.5465037193894247,
    "priority_primary_accuracy": 0.5210526315789473,
    "average_predicted_labels": 2.2736842105263158
  }
}
