{
  "exp_dir": "/Users/Sonny/Research/W\uff5cECFGClassifier/experiments/task_aware_denoiser_finetune/mil_experiments/exp_003",
  "device": "mps",
  "config": {
    "days": [
      "2025-07-01",
      "2025-07-02",
      "2025-07-03",
      "2025-07-04",
      "2025-07-05",
      "2025-07-06",
      "2025-07-07",
      "2025-07-08",
      "2025-07-09",
      "2025-07-10",
      "2025-07-11",
      "2025-07-12",
      "2025-07-13",
      "2025-07-14",
      "2025-07-15",
      "2025-07-16",
      "2025-07-17",
      "2025-07-18",
      "2025-07-19",
      "2025-07-20"
    ],
    "seed": 42,
    "classifier_strategy": "pretrained_cnn_bilstm",
    "classifier_head": "single",
    "classifier_input": "raw",
    "classifier_only": true,
    "mapping_preset": "raw19_identity",
    "mapping_description": "Use all 19 Ecgdata folder types as direct training classes.",
    "class_order": [
      "21AvB",
      "AF",
      "AtCou",
      "AtRun",
      "ComHB",
      "EctAR",
      "EctAt",
      "EctVe",
      "Idiov",
      "JuRhy",
      "Noise",
      "PaRhy",
      "Pause",
      "SArrh",
      "SRhy",
      "SVT",
      "VT",
      "VeCou",
      "Wenck"
    ],
    "max_files_per_class": 0,
    "val_fraction": 0.1,
    "test_fraction": 0.1,
    "classifier_epochs": 1,
    "denoiser_epochs": 0,
    "batch_size": 4,
    "num_workers": 0,
    "file_batch_sampler": false,
    "log_every_batches": 200,
    "checkpoint_every_batches": 4000,
    "validation_max_batches": 760,
    "test_max_batches": 760,
    "learning_rate_classifier": 0.0001,
    "learning_rate_denoiser": 0.0,
    "lambda_anchor": 0.0,
    "lambda_slope": 0.0,
    "lambda_noise": 0.0,
    "noise_class_name": "Noise",
    "noise_threshold": 0.9,
    "diagnosis_confidence_threshold": 0.7,
    "window_sec": 10,
    "input_fs": 250,
    "denoiser_fs": 360,
    "init_classifier_path": "/Users/Sonny/Research/W\uff5cECFGClassifier/experiments/task_aware_denoiser_finetune/mil_experiments/exp_002/checkpoints/last.ckpt",
    "init_denoiser_path": null
  }
}
[manifest] class=21AvB selected=7696 train=6156 val=770 test=770
[manifest] class=AF selected=9997 train=7997 val=1000 test=1000
[manifest] class=AtCou selected=9993 train=7995 val=999 test=999
[manifest] class=AtRun selected=9998 train=7998 val=1000 test=1000
[manifest] class=ComHB selected=3427 train=2741 val=343 test=343
[manifest] class=EctAR selected=9325 train=7461 val=932 test=932
[manifest] class=EctAt selected=9998 train=7998 val=1000 test=1000
[manifest] class=EctVe selected=9998 train=7998 val=1000 test=1000
[manifest] class=Idiov selected=458 train=366 val=46 test=46
[manifest] class=JuRhy selected=9443 train=7555 val=944 test=944
[manifest] class=Noise selected=19299 train=15439 val=1930 test=1930
[manifest] class=PaRhy selected=3121 train=2497 val=312 test=312
[manifest] class=Pause selected=8173 train=6539 val=817 test=817
[manifest] class=SArrh selected=10000 train=8000 val=1000 test=1000
[manifest] class=SRhy selected=9997 train=7997 val=1000 test=1000
[manifest] class=SVT selected=9674 train=7740 val=967 test=967
[manifest] class=VT selected=5402 train=4322 val=540 test=540
[manifest] class=VeCou selected=9997 train=7997 val=1000 test=1000
[manifest] class=Wenck selected=9997 train=7997 val=1000 test=1000
[manifest] total_files=165993 total_windows=1330782
[train] files=132793 class_counts={"21AvB": 6156, "AF": 7997, "AtCou": 7995, "AtRun": 7998, "ComHB": 2741, "EctAR": 7461, "EctAt": 7998, "EctVe": 7998, "Idiov": 366, "JuRhy": 7555, "Noise": 15439, "PaRhy": 2497, "Pause": 6539, "SArrh": 8000, "SRhy": 7997, "SVT": 7740, "VT": 4322, "VeCou": 7997, "Wenck": 7997}
[val] files=760/16600 class_counts={"21AvB": 40, "AF": 40, "AtCou": 40, "AtRun": 40, "ComHB": 40, "EctAR": 40, "EctAt": 40, "EctVe": 40, "Idiov": 40, "JuRhy": 40, "Noise": 40, "PaRhy": 40, "Pause": 40, "SArrh": 40, "SRhy": 40, "SVT": 40, "VT": 40, "VeCou": 40, "Wenck": 40}
[test] files=760/16600 class_counts={"21AvB": 40, "AF": 40, "AtCou": 40, "AtRun": 40, "ComHB": 40, "EctAR": 40, "EctAt": 40, "EctVe": 40, "Idiov": 40, "JuRhy": 40, "Noise": 40, "PaRhy": 40, "Pause": 40, "SArrh": 40, "SRhy": 40, "SVT": 40, "VT": 40, "VeCou": 40, "Wenck": 40}
[init] pretrained_cnn_bilstm from best_model.pt loaded 41 tensors; skipped 2 mismatched tensors
[resume] loaded MIL model from /Users/Sonny/Research/W｜ECFGClassifier/experiments/task_aware_denoiser_finetune/mil_experiments/exp_002/checkpoints/last.ckpt missing_keys=0 unexpected_keys=0
[resume] starting global_step=265586 prior_score=0.7666073005125785
[mil][epoch 1/1][batch 1/33199] bags=4 loss=0.5782
[mil][epoch 1/1][batch 50/33199] bags=200 loss=0.9417
[mil][epoch 1/1][batch 100/33199] bags=400 loss=0.8665
[mil][epoch 1/1][batch 150/33199] bags=600 loss=1.1541
[mil][epoch 1/1][batch 200/33199] bags=800 loss=0.1882
[mil][epoch 1/1][batch 250/33199] bags=1000 loss=0.1791
[mil][epoch 1/1][batch 300/33199] bags=1200 loss=0.4400
[mil][epoch 1/1][batch 350/33199] bags=1400 loss=0.1684
[mil][epoch 1/1][batch 400/33199] bags=1600 loss=1.8675
[mil][epoch 1/1][batch 450/33199] bags=1800 loss=0.6504
[mil][epoch 1/1][batch 500/33199] bags=2000 loss=0.2563
[mil][epoch 1/1][batch 550/33199] bags=2200 loss=1.8478
[mil][epoch 1/1][batch 600/33199] bags=2400 loss=1.3008
[mil] saved interval checkpoint global_step=268002
[mil][epoch 1/1][batch 650/33199] bags=2600 loss=1.5221
[mil][epoch 1/1][batch 700/33199] bags=2800 loss=0.2445
[mil][epoch 1/1][batch 750/33199] bags=3000 loss=0.0613
[mil][epoch 1/1][batch 800/33199] bags=3200 loss=0.6285
[mil][epoch 1/1][batch 850/33199] bags=3400 loss=0.0135
[mil][epoch 1/1][batch 900/33199] bags=3600 loss=0.3209
[mil][epoch 1/1][batch 950/33199] bags=3800 loss=0.0988
[mil][epoch 1/1][batch 1000/33199] bags=4000 loss=1.5767
[mil][epoch 1/1][batch 1050/33199] bags=4200 loss=1.8952
[mil][epoch 1/1][batch 1100/33199] bags=4400 loss=0.4408
[mil][epoch 1/1][batch 1150/33199] bags=4600 loss=0.5608
[mil][epoch 1/1][batch 1200/33199] bags=4800 loss=0.0983
[mil][epoch 1/1][batch 1250/33199] bags=5000 loss=0.3177
[mil][epoch 1/1][batch 1300/33199] bags=5200 loss=0.0264
[mil][epoch 1/1][batch 1350/33199] bags=5400 loss=0.8178
[mil][epoch 1/1][batch 1400/33199] bags=5600 loss=0.0498
[mil][epoch 1/1][batch 1450/33199] bags=5800 loss=0.2941
[mil][epoch 1/1][batch 1500/33199] bags=6000 loss=0.7531
[mil][epoch 1/1][batch 1550/33199] bags=6200 loss=0.2150
[mil][epoch 1/1][batch 1600/33199] bags=6400 loss=0.2716
[mil] saved interval checkpoint global_step=272002
[mil][epoch 1/1][batch 1650/33199] bags=6600 loss=0.6937
[mil][epoch 1/1][batch 1700/33199] bags=6800 loss=0.3764
[mil][epoch 1/1][batch 1750/33199] bags=7000 loss=0.3054
[mil][epoch 1/1][batch 1800/33199] bags=7200 loss=1.7441
[mil][epoch 1/1][batch 1850/33199] bags=7400 loss=0.6355
[mil][epoch 1/1][batch 1900/33199] bags=7600 loss=0.0610
[mil][epoch 1/1][batch 1950/33199] bags=7800 loss=1.3387
[mil][epoch 1/1][batch 2000/33199] bags=8000 loss=1.1448
[mil][epoch 1/1][batch 2050/33199] bags=8200 loss=0.3305
[mil][epoch 1/1][batch 2100/33199] bags=8400 loss=0.8021
[mil][epoch 1/1][batch 2150/33199] bags=8600 loss=0.3556
[mil][epoch 1/1][batch 2200/33199] bags=8800 loss=0.8638
[mil][epoch 1/1][batch 2250/33199] bags=9000 loss=0.1227
[mil][epoch 1/1][batch 2300/33199] bags=9200 loss=0.1064
[mil][epoch 1/1][batch 2350/33199] bags=9400 loss=0.1685
[mil][epoch 1/1][batch 2400/33199] bags=9600 loss=0.7093
[mil][epoch 1/1][batch 2450/33199] bags=9800 loss=1.0892
[mil][epoch 1/1][batch 2500/33199] bags=10000 loss=0.5130
[mil][epoch 1/1][batch 2550/33199] bags=10200 loss=0.3281
[mil][epoch 1/1][batch 2600/33199] bags=10400 loss=0.2309
[mil] saved interval checkpoint global_step=276002
[mil][epoch 1/1][batch 2650/33199] bags=10600 loss=1.1431
[mil][epoch 1/1][batch 2700/33199] bags=10800 loss=3.0911
[mil][epoch 1/1][batch 2750/33199] bags=11000 loss=0.1187
[mil][epoch 1/1][batch 2800/33199] bags=11200 loss=0.4889
[mil][epoch 1/1][batch 2850/33199] bags=11400 loss=0.4229
[mil][epoch 1/1][batch 2900/33199] bags=11600 loss=0.5268
[mil][epoch 1/1][batch 2950/33199] bags=11800 loss=0.1941
[mil][epoch 1/1][batch 3000/33199] bags=12000 loss=0.2202
[mil][epoch 1/1][batch 3050/33199] bags=12200 loss=0.8370
[mil][epoch 1/1][batch 3100/33199] bags=12400 loss=0.0304
[mil][epoch 1/1][batch 3150/33199] bags=12600 loss=1.8113
[mil][epoch 1/1][batch 3200/33199] bags=12800 loss=0.7202
[mil][epoch 1/1][batch 3250/33199] bags=13000 loss=0.6754
[mil][epoch 1/1][batch 3300/33199] bags=13200 loss=0.2614
[mil][epoch 1/1][batch 3350/33199] bags=13400 loss=0.1531
[mil][epoch 1/1][batch 3400/33199] bags=13600 loss=0.0422
[mil][epoch 1/1][batch 3450/33199] bags=13800 loss=1.2533
[mil][epoch 1/1][batch 3500/33199] bags=14000 loss=0.0659
[mil][epoch 1/1][batch 3550/33199] bags=14200 loss=0.1551
[mil][epoch 1/1][batch 3600/33199] bags=14400 loss=0.4608
[mil] saved interval checkpoint global_step=280002
[mil][epoch 1/1][batch 3650/33199] bags=14600 loss=0.0193
[mil][epoch 1/1][batch 3700/33199] bags=14800 loss=0.0206
[mil][epoch 1/1][batch 3750/33199] bags=15000 loss=0.5663
[mil][epoch 1/1][batch 3800/33199] bags=15200 loss=0.0556
[mil][epoch 1/1][batch 3850/33199] bags=15400 loss=2.0350
[mil][epoch 1/1][batch 3900/33199] bags=15600 loss=0.8228
[mil][epoch 1/1][batch 3950/33199] bags=15800 loss=0.3530
[mil][epoch 1/1][batch 4000/33199] bags=16000 loss=2.0058
[mil][epoch 1/1][batch 4050/33199] bags=16200 loss=1.2340
[mil][epoch 1/1][batch 4100/33199] bags=16400 loss=1.6995
[mil][epoch 1/1][batch 4150/33199] bags=16600 loss=0.1064
[mil][epoch 1/1][batch 4200/33199] bags=16800 loss=0.0313
[mil][epoch 1/1][batch 4250/33199] bags=17000 loss=1.6565
[mil][epoch 1/1][batch 4300/33199] bags=17200 loss=0.1114
[mil][epoch 1/1][batch 4350/33199] bags=17400 loss=0.3612
[mil][epoch 1/1][batch 4400/33199] bags=17600 loss=0.2434
[mil][epoch 1/1][batch 4450/33199] bags=17800 loss=0.6403
[mil][epoch 1/1][batch 4500/33199] bags=18000 loss=0.1606
[mil][epoch 1/1][batch 4550/33199] bags=18200 loss=1.2673
[mil][epoch 1/1][batch 4600/33199] bags=18400 loss=1.5532
[mil] saved interval checkpoint global_step=284002
[mil][epoch 1/1][batch 4650/33199] bags=18600 loss=0.5405
[mil][epoch 1/1][batch 4700/33199] bags=18800 loss=0.5621
[mil][epoch 1/1][batch 4750/33199] bags=19000 loss=0.2016
[mil][epoch 1/1][batch 4800/33199] bags=19200 loss=0.0455
[mil][epoch 1/1][batch 4850/33199] bags=19400 loss=1.0659
[mil][epoch 1/1][batch 4900/33199] bags=19600 loss=0.2462
[mil][epoch 1/1][batch 4950/33199] bags=19800 loss=0.5270
[mil][epoch 1/1][batch 5000/33199] bags=20000 loss=0.3192
[mil][epoch 1/1][batch 5050/33199] bags=20200 loss=0.3536
[mil][epoch 1/1][batch 5100/33199] bags=20400 loss=0.3422
[mil][epoch 1/1][batch 5150/33199] bags=20600 loss=0.4276
[mil][epoch 1/1][batch 5200/33199] bags=20800 loss=0.0365
[mil][epoch 1/1][batch 5250/33199] bags=21000 loss=0.5199
[mil][epoch 1/1][batch 5300/33199] bags=21200 loss=0.2798
[mil][epoch 1/1][batch 5350/33199] bags=21400 loss=0.6225
[mil][epoch 1/1][batch 5400/33199] bags=21600 loss=0.7880
[mil][epoch 1/1][batch 5450/33199] bags=21800 loss=0.3939
[mil][epoch 1/1][batch 5500/33199] bags=22000 loss=0.0932
[mil][epoch 1/1][batch 5550/33199] bags=22200 loss=0.0926
[mil][epoch 1/1][batch 5600/33199] bags=22400 loss=2.4691
[mil] saved interval checkpoint global_step=288002
[mil][epoch 1/1][batch 5650/33199] bags=22600 loss=2.1900
[mil][epoch 1/1][batch 5700/33199] bags=22800 loss=0.8277
[mil][epoch 1/1][batch 5750/33199] bags=23000 loss=1.3885
[mil][epoch 1/1][batch 5800/33199] bags=23200 loss=0.2763
[mil][epoch 1/1][batch 5850/33199] bags=23400 loss=0.1253
[mil][epoch 1/1][batch 5900/33199] bags=23600 loss=0.3434
[mil][epoch 1/1][batch 5950/33199] bags=23800 loss=0.1412
[mil][epoch 1/1][batch 6000/33199] bags=24000 loss=0.9977
[mil][epoch 1/1][batch 6050/33199] bags=24200 loss=0.9021
[mil][epoch 1/1][batch 6100/33199] bags=24400 loss=2.8545
[mil][epoch 1/1][batch 6150/33199] bags=24600 loss=0.5642
[mil][epoch 1/1][batch 6200/33199] bags=24800 loss=0.5091
[mil][epoch 1/1][batch 6250/33199] bags=25000 loss=0.6332
[mil][epoch 1/1][batch 6300/33199] bags=25200 loss=1.0068
[mil][epoch 1/1][batch 6350/33199] bags=25400 loss=0.1224
[mil][epoch 1/1][batch 6400/33199] bags=25600 loss=4.0330
[mil][epoch 1/1][batch 6450/33199] bags=25800 loss=1.0293
[mil][epoch 1/1][batch 6500/33199] bags=26000 loss=0.2589
[mil][epoch 1/1][batch 6550/33199] bags=26200 loss=0.6859
[mil][epoch 1/1][batch 6600/33199] bags=26400 loss=2.2578
[mil] saved interval checkpoint global_step=292002
[mil][epoch 1/1][batch 6650/33199] bags=26600 loss=0.0174
[mil][epoch 1/1][batch 6700/33199] bags=26800 loss=0.2639
[mil][epoch 1/1][batch 6750/33199] bags=27000 loss=1.5310
[mil][epoch 1/1][batch 6800/33199] bags=27200 loss=1.3016
[mil][epoch 1/1][batch 6850/33199] bags=27400 loss=0.7381
[mil][epoch 1/1][batch 6900/33199] bags=27600 loss=0.2222
[mil][epoch 1/1][batch 6950/33199] bags=27800 loss=0.4670
[mil][epoch 1/1][batch 7000/33199] bags=28000 loss=0.1627
[mil][epoch 1/1][batch 7050/33199] bags=28200 loss=0.0589
[mil][epoch 1/1][batch 7100/33199] bags=28400 loss=0.2642
[mil][epoch 1/1][batch 7150/33199] bags=28600 loss=0.0401
[mil][epoch 1/1][batch 7200/33199] bags=28800 loss=0.2409
[mil][epoch 1/1][batch 7250/33199] bags=29000 loss=0.3091
[mil][epoch 1/1][batch 7300/33199] bags=29200 loss=1.4389
[mil][epoch 1/1][batch 7350/33199] bags=29400 loss=0.7448
[mil][epoch 1/1][batch 7400/33199] bags=29600 loss=0.1585
[mil][epoch 1/1][batch 7450/33199] bags=29800 loss=0.6831
[mil][epoch 1/1][batch 7500/33199] bags=30000 loss=0.1574
[mil][epoch 1/1][batch 7550/33199] bags=30200 loss=1.4716
[mil][epoch 1/1][batch 7600/33199] bags=30400 loss=0.2535
[mil] saved interval checkpoint global_step=296002
[mil][epoch 1/1][batch 7650/33199] bags=30600 loss=0.1561
[mil][epoch 1/1][batch 7700/33199] bags=30800 loss=0.0991
[mil][epoch 1/1][batch 7750/33199] bags=31000 loss=0.2899
[mil][epoch 1/1][batch 7800/33199] bags=31200 loss=0.6806
[mil][epoch 1/1][batch 7850/33199] bags=31400 loss=0.9968
[mil][epoch 1/1][batch 7900/33199] bags=31600 loss=0.3615
[mil][epoch 1/1][batch 7950/33199] bags=31800 loss=0.1416
[mil][epoch 1/1][batch 8000/33199] bags=32000 loss=0.5308
[mil][epoch 1/1][batch 8050/33199] bags=32200 loss=0.1529
[mil][epoch 1/1][batch 8100/33199] bags=32400 loss=0.5492
[mil][epoch 1/1][batch 8150/33199] bags=32600 loss=0.2556
[mil][epoch 1/1][batch 8200/33199] bags=32800 loss=1.1346
[mil][epoch 1/1][batch 8250/33199] bags=33000 loss=0.1650
[mil][epoch 1/1][batch 8300/33199] bags=33200 loss=0.1470
[mil][epoch 1/1][batch 8350/33199] bags=33400 loss=0.1042
[mil][epoch 1/1][batch 8400/33199] bags=33600 loss=0.5364
[mil][epoch 1/1][batch 8450/33199] bags=33800 loss=0.0064
[mil][epoch 1/1][batch 8500/33199] bags=34000 loss=0.0351
[mil][epoch 1/1][batch 8550/33199] bags=34200 loss=1.1771
[mil][epoch 1/1][batch 8600/33199] bags=34400 loss=0.7658
[mil] saved interval checkpoint global_step=300002
[mil][epoch 1/1][batch 8650/33199] bags=34600 loss=0.2069
[mil][epoch 1/1][batch 8700/33199] bags=34800 loss=0.4194
[mil][epoch 1/1][batch 8750/33199] bags=35000 loss=0.1310
[mil][epoch 1/1][batch 8800/33199] bags=35200 loss=1.0285
[mil][epoch 1/1][batch 8850/33199] bags=35400 loss=0.2677
[mil][epoch 1/1][batch 8900/33199] bags=35600 loss=1.4291
[mil][epoch 1/1][batch 8950/33199] bags=35800 loss=1.1134
[mil][epoch 1/1][batch 9000/33199] bags=36000 loss=2.8720
[mil][epoch 1/1][batch 9050/33199] bags=36200 loss=0.0941
[mil][epoch 1/1][batch 9100/33199] bags=36400 loss=0.1313
[mil][epoch 1/1][batch 9150/33199] bags=36600 loss=0.1169
[mil][epoch 1/1][batch 9200/33199] bags=36800 loss=0.3752
[mil][epoch 1/1][batch 9250/33199] bags=37000 loss=0.2999
[mil][epoch 1/1][batch 9300/33199] bags=37200 loss=1.4442
[mil][epoch 1/1][batch 9350/33199] bags=37400 loss=0.8221
[mil][epoch 1/1][batch 9400/33199] bags=37600 loss=0.0772
[mil][epoch 1/1][batch 9450/33199] bags=37800 loss=0.0851
[mil][epoch 1/1][batch 9500/33199] bags=38000 loss=1.5515
[mil][epoch 1/1][batch 9550/33199] bags=38200 loss=0.7818
[mil][epoch 1/1][batch 9600/33199] bags=38400 loss=0.2928
[mil] saved interval checkpoint global_step=304002
[mil][epoch 1/1][batch 9650/33199] bags=38600 loss=0.0314
[mil][epoch 1/1][batch 9700/33199] bags=38800 loss=0.4654
[mil][epoch 1/1][batch 9750/33199] bags=39000 loss=0.9832
[mil][epoch 1/1][batch 9800/33199] bags=39200 loss=0.2000
[mil][epoch 1/1][batch 9850/33199] bags=39400 loss=0.9615
[mil][epoch 1/1][batch 9900/33199] bags=39600 loss=0.0415
[mil][epoch 1/1][batch 9950/33199] bags=39800 loss=0.0241
[mil][epoch 1/1][batch 10000/33199] bags=40000 loss=0.3619
[mil][epoch 1/1][batch 10050/33199] bags=40200 loss=0.4961
[mil][epoch 1/1][batch 10100/33199] bags=40400 loss=0.7948
[mil][epoch 1/1][batch 10150/33199] bags=40600 loss=0.4373
[mil][epoch 1/1][batch 10200/33199] bags=40800 loss=0.0563
[mil][epoch 1/1][batch 10250/33199] bags=41000 loss=0.0494
[mil][epoch 1/1][batch 10300/33199] bags=41200 loss=0.4419
[mil][epoch 1/1][batch 10350/33199] bags=41400 loss=0.0869
[mil][epoch 1/1][batch 10400/33199] bags=41600 loss=0.0976
[mil][epoch 1/1][batch 10450/33199] bags=41800 loss=0.8951
[mil][epoch 1/1][batch 10500/33199] bags=42000 loss=0.4309
[mil][epoch 1/1][batch 10550/33199] bags=42200 loss=0.2649
[mil][epoch 1/1][batch 10600/33199] bags=42400 loss=0.2402
[mil] saved interval checkpoint global_step=308002
[mil][epoch 1/1][batch 10650/33199] bags=42600 loss=0.4162
[mil][epoch 1/1][batch 10700/33199] bags=42800 loss=0.6169
[mil][epoch 1/1][batch 10750/33199] bags=43000 loss=0.4235
[mil][epoch 1/1][batch 10800/33199] bags=43200 loss=0.6414
[mil][epoch 1/1][batch 10850/33199] bags=43400 loss=0.4075
[mil][epoch 1/1][batch 10900/33199] bags=43600 loss=0.6590
[mil][epoch 1/1][batch 10950/33199] bags=43800 loss=0.3142
[mil][epoch 1/1][batch 11000/33199] bags=44000 loss=0.5430
[mil][epoch 1/1][batch 11050/33199] bags=44200 loss=0.4327
[mil][epoch 1/1][batch 11100/33199] bags=44400 loss=1.0477
[mil][epoch 1/1][batch 11150/33199] bags=44600 loss=1.1762
[mil][epoch 1/1][batch 11200/33199] bags=44800 loss=0.0184
[mil][epoch 1/1][batch 11250/33199] bags=45000 loss=0.3057
[mil][epoch 1/1][batch 11300/33199] bags=45200 loss=0.5005
[mil][epoch 1/1][batch 11350/33199] bags=45400 loss=0.6155
[mil][epoch 1/1][batch 11400/33199] bags=45600 loss=0.3667
[mil][epoch 1/1][batch 11450/33199] bags=45800 loss=0.3841
[mil][epoch 1/1][batch 11500/33199] bags=46000 loss=0.0776
[mil][epoch 1/1][batch 11550/33199] bags=46200 loss=0.3486
[mil][epoch 1/1][batch 11600/33199] bags=46400 loss=0.1088
[mil] saved interval checkpoint global_step=312002
[mil][epoch 1/1][batch 11650/33199] bags=46600 loss=0.1120
[mil][epoch 1/1][batch 11700/33199] bags=46800 loss=0.6942
[mil][epoch 1/1][batch 11750/33199] bags=47000 loss=0.0670
[mil][epoch 1/1][batch 11800/33199] bags=47200 loss=1.9458
[mil][epoch 1/1][batch 11850/33199] bags=47400 loss=0.0817
[mil][epoch 1/1][batch 11900/33199] bags=47600 loss=0.4613
[mil][epoch 1/1][batch 11950/33199] bags=47800 loss=0.2191
[mil][epoch 1/1][batch 12000/33199] bags=48000 loss=0.2224
[mil][epoch 1/1][batch 12050/33199] bags=48200 loss=0.4252
[mil][epoch 1/1][batch 12100/33199] bags=48400 loss=0.3464
[mil][epoch 1/1][batch 12150/33199] bags=48600 loss=0.3179
[mil][epoch 1/1][batch 12200/33199] bags=48800 loss=0.2668
[mil][epoch 1/1][batch 12250/33199] bags=49000 loss=0.1663
[mil][epoch 1/1][batch 12300/33199] bags=49200 loss=0.4148
[mil][epoch 1/1][batch 12350/33199] bags=49400 loss=0.8573
[mil][epoch 1/1][batch 12400/33199] bags=49600 loss=0.1459
[mil][epoch 1/1][batch 12450/33199] bags=49800 loss=0.4325
[mil][epoch 1/1][batch 12500/33199] bags=50000 loss=2.2001
[mil][epoch 1/1][batch 12550/33199] bags=50200 loss=0.0226
[mil][epoch 1/1][batch 12600/33199] bags=50400 loss=0.0932
[mil] saved interval checkpoint global_step=316002
[mil][epoch 1/1][batch 12650/33199] bags=50600 loss=0.0427
[mil][epoch 1/1][batch 12700/33199] bags=50800 loss=0.1292
[mil][epoch 1/1][batch 12750/33199] bags=51000 loss=0.9691
[mil][epoch 1/1][batch 12800/33199] bags=51200 loss=0.4193
[mil][epoch 1/1][batch 12850/33199] bags=51400 loss=0.2242
[mil][epoch 1/1][batch 12900/33199] bags=51600 loss=1.5490
[mil][epoch 1/1][batch 12950/33199] bags=51800 loss=0.3908
[mil][epoch 1/1][batch 13000/33199] bags=52000 loss=0.2095
[mil][epoch 1/1][batch 13050/33199] bags=52200 loss=0.4440
[mil][epoch 1/1][batch 13100/33199] bags=52400 loss=0.0979
[mil][epoch 1/1][batch 13150/33199] bags=52600 loss=0.2160
[mil][epoch 1/1][batch 13200/33199] bags=52800 loss=0.0931
[mil][epoch 1/1][batch 13250/33199] bags=53000 loss=0.1834
[mil][epoch 1/1][batch 13300/33199] bags=53200 loss=0.0177
[mil][epoch 1/1][batch 13350/33199] bags=53400 loss=1.2107
[mil][epoch 1/1][batch 13400/33199] bags=53600 loss=0.3711
[mil][epoch 1/1][batch 13450/33199] bags=53800 loss=0.3935
[mil][epoch 1/1][batch 13500/33199] bags=54000 loss=0.5091
[mil][epoch 1/1][batch 13550/33199] bags=54200 loss=0.4293
[mil][epoch 1/1][batch 13600/33199] bags=54400 loss=0.4205
[mil] saved interval checkpoint global_step=320002
[mil][epoch 1/1][batch 13650/33199] bags=54600 loss=0.2776
[mil][epoch 1/1][batch 13700/33199] bags=54800 loss=0.3702
[mil][epoch 1/1][batch 13750/33199] bags=55000 loss=0.1693
[mil][epoch 1/1][batch 13800/33199] bags=55200 loss=0.6731
[mil][epoch 1/1][batch 13850/33199] bags=55400 loss=0.4885
[mil][epoch 1/1][batch 13900/33199] bags=55600 loss=0.8895
[mil][epoch 1/1][batch 13950/33199] bags=55800 loss=0.0892
[mil][epoch 1/1][batch 14000/33199] bags=56000 loss=0.0640
[mil][epoch 1/1][batch 14050/33199] bags=56200 loss=0.4425
[mil][epoch 1/1][batch 14100/33199] bags=56400 loss=0.0154
[mil][epoch 1/1][batch 14150/33199] bags=56600 loss=0.0283
[mil][epoch 1/1][batch 14200/33199] bags=56800 loss=0.1469
[mil][epoch 1/1][batch 14250/33199] bags=57000 loss=0.2313
[mil][epoch 1/1][batch 14300/33199] bags=57200 loss=0.4882
[mil][epoch 1/1][batch 14350/33199] bags=57400 loss=2.0641
[mil][epoch 1/1][batch 14400/33199] bags=57600 loss=0.2529
[mil][epoch 1/1][batch 14450/33199] bags=57800 loss=1.5506
[mil][epoch 1/1][batch 14500/33199] bags=58000 loss=0.5199
[mil][epoch 1/1][batch 14550/33199] bags=58200 loss=1.5083
[mil][epoch 1/1][batch 14600/33199] bags=58400 loss=0.4419
[mil] saved interval checkpoint global_step=324002
[mil][epoch 1/1][batch 14650/33199] bags=58600 loss=0.7948
[mil][epoch 1/1][batch 14700/33199] bags=58800 loss=0.1926
[mil][epoch 1/1][batch 14750/33199] bags=59000 loss=0.4369
[mil][epoch 1/1][batch 14800/33199] bags=59200 loss=0.9216
[mil][epoch 1/1][batch 14850/33199] bags=59400 loss=1.0759
[mil][epoch 1/1][batch 14900/33199] bags=59600 loss=1.5499
[mil][epoch 1/1][batch 14950/33199] bags=59800 loss=0.1050
[mil][epoch 1/1][batch 15000/33199] bags=60000 loss=0.3951
[mil][epoch 1/1][batch 15050/33199] bags=60200 loss=0.5967
[mil][epoch 1/1][batch 15100/33199] bags=60400 loss=0.7805
[mil][epoch 1/1][batch 15150/33199] bags=60600 loss=0.0657
[mil][epoch 1/1][batch 15200/33199] bags=60800 loss=0.5362
[mil][epoch 1/1][batch 15250/33199] bags=61000 loss=0.9310
[mil][epoch 1/1][batch 15300/33199] bags=61200 loss=0.1632
[mil][epoch 1/1][batch 15350/33199] bags=61400 loss=0.2300
[mil][epoch 1/1][batch 15400/33199] bags=61600 loss=0.2587
[mil][epoch 1/1][batch 15450/33199] bags=61800 loss=0.8230
[mil][epoch 1/1][batch 15500/33199] bags=62000 loss=1.4037
[mil][epoch 1/1][batch 15550/33199] bags=62200 loss=2.3735
[mil][epoch 1/1][batch 15600/33199] bags=62400 loss=0.3885
[mil] saved interval checkpoint global_step=328002
[mil][epoch 1/1][batch 15650/33199] bags=62600 loss=0.3536
[mil][epoch 1/1][batch 15700/33199] bags=62800 loss=0.1632
[mil][epoch 1/1][batch 15750/33199] bags=63000 loss=1.7551
[mil][epoch 1/1][batch 15800/33199] bags=63200 loss=1.5913
[mil][epoch 1/1][batch 15850/33199] bags=63400 loss=0.0524
[mil][epoch 1/1][batch 15900/33199] bags=63600 loss=0.3831
[mil][epoch 1/1][batch 15950/33199] bags=63800 loss=0.8924
[mil][epoch 1/1][batch 16000/33199] bags=64000 loss=0.4297
[mil][epoch 1/1][batch 16050/33199] bags=64200 loss=0.3064
[mil][epoch 1/1][batch 16100/33199] bags=64400 loss=0.0188
[mil][epoch 1/1][batch 16150/33199] bags=64600 loss=0.3481
[mil][epoch 1/1][batch 16200/33199] bags=64800 loss=0.5769
[mil][epoch 1/1][batch 16250/33199] bags=65000 loss=0.3099
[mil][epoch 1/1][batch 16300/33199] bags=65200 loss=0.7797
[mil][epoch 1/1][batch 16350/33199] bags=65400 loss=0.7873
[mil][epoch 1/1][batch 16400/33199] bags=65600 loss=2.4161
[mil][epoch 1/1][batch 16450/33199] bags=65800 loss=0.1185
[mil][epoch 1/1][batch 16500/33199] bags=66000 loss=0.2525
[mil][epoch 1/1][batch 16550/33199] bags=66200 loss=0.7032
[mil][epoch 1/1][batch 16600/33199] bags=66400 loss=1.0167
[mil] saved interval checkpoint global_step=332002
[mil][epoch 1/1][batch 16650/33199] bags=66600 loss=1.5212
[mil][epoch 1/1][batch 16700/33199] bags=66800 loss=0.3191
[mil][epoch 1/1][batch 16750/33199] bags=67000 loss=1.3218
[mil][epoch 1/1][batch 16800/33199] bags=67200 loss=0.2833
[mil][epoch 1/1][batch 16850/33199] bags=67400 loss=0.0792
[mil][epoch 1/1][batch 16900/33199] bags=67600 loss=0.2164
[mil][epoch 1/1][batch 16950/33199] bags=67800 loss=0.6002
[mil][epoch 1/1][batch 17000/33199] bags=68000 loss=0.0948
[mil][epoch 1/1][batch 17050/33199] bags=68200 loss=0.0771
[mil][epoch 1/1][batch 17100/33199] bags=68400 loss=0.7957
[mil][epoch 1/1][batch 17150/33199] bags=68600 loss=0.0925
[mil][epoch 1/1][batch 17200/33199] bags=68800 loss=0.0775
[mil][epoch 1/1][batch 17250/33199] bags=69000 loss=1.6878
[mil][epoch 1/1][batch 17300/33199] bags=69200 loss=0.1450
[mil][epoch 1/1][batch 17350/33199] bags=69400 loss=0.6180
[mil][epoch 1/1][batch 17400/33199] bags=69600 loss=1.4459
[mil][epoch 1/1][batch 17450/33199] bags=69800 loss=0.2783
[mil][epoch 1/1][batch 17500/33199] bags=70000 loss=0.0664
[mil][epoch 1/1][batch 17550/33199] bags=70200 loss=0.2082
[mil][epoch 1/1][batch 17600/33199] bags=70400 loss=0.7816
[mil] saved interval checkpoint global_step=336002
[mil][epoch 1/1][batch 17650/33199] bags=70600 loss=0.2543
[mil][epoch 1/1][batch 17700/33199] bags=70800 loss=0.3341
[mil][epoch 1/1][batch 17750/33199] bags=71000 loss=0.6906
[mil][epoch 1/1][batch 17800/33199] bags=71200 loss=1.4710
[mil][epoch 1/1][batch 17850/33199] bags=71400 loss=0.0409
[mil][epoch 1/1][batch 17900/33199] bags=71600 loss=0.0455
[mil][epoch 1/1][batch 17950/33199] bags=71800 loss=0.1229
[mil][epoch 1/1][batch 18000/33199] bags=72000 loss=0.1339
[mil][epoch 1/1][batch 18050/33199] bags=72200 loss=0.3486
[mil][epoch 1/1][batch 18100/33199] bags=72400 loss=1.9407
[mil][epoch 1/1][batch 18150/33199] bags=72600 loss=0.9697
[mil][epoch 1/1][batch 18200/33199] bags=72800 loss=0.0621
[mil][epoch 1/1][batch 18250/33199] bags=73000 loss=0.0780
[mil][epoch 1/1][batch 18300/33199] bags=73200 loss=0.4984
[mil][epoch 1/1][batch 18350/33199] bags=73400 loss=0.6416
[mil][epoch 1/1][batch 18400/33199] bags=73600 loss=0.6222
[mil][epoch 1/1][batch 18450/33199] bags=73800 loss=0.2462
[mil][epoch 1/1][batch 18500/33199] bags=74000 loss=0.8121
[mil][epoch 1/1][batch 18550/33199] bags=74200 loss=1.7603
[mil][epoch 1/1][batch 18600/33199] bags=74400 loss=0.2253
[mil] saved interval checkpoint global_step=340002
[mil][epoch 1/1][batch 18650/33199] bags=74600 loss=0.1213
[mil][epoch 1/1][batch 18700/33199] bags=74800 loss=0.2586
[mil][epoch 1/1][batch 18750/33199] bags=75000 loss=0.1995
[mil][epoch 1/1][batch 18800/33199] bags=75200 loss=0.3241
[mil][epoch 1/1][batch 18850/33199] bags=75400 loss=1.5277
[mil][epoch 1/1][batch 18900/33199] bags=75600 loss=0.0694
[mil][epoch 1/1][batch 18950/33199] bags=75800 loss=0.0193
[mil][epoch 1/1][batch 19000/33199] bags=76000 loss=0.1441
[mil][epoch 1/1][batch 19050/33199] bags=76200 loss=0.2403
[mil][epoch 1/1][batch 19100/33199] bags=76400 loss=0.4218
[mil][epoch 1/1][batch 19150/33199] bags=76600 loss=0.0124
[mil][epoch 1/1][batch 19200/33199] bags=76800 loss=0.3415
[mil][epoch 1/1][batch 19250/33199] bags=77000 loss=0.4089
[mil][epoch 1/1][batch 19300/33199] bags=77200 loss=0.0861
[mil][epoch 1/1][batch 19350/33199] bags=77400 loss=0.7974
[mil][epoch 1/1][batch 19400/33199] bags=77600 loss=0.5764
[mil][epoch 1/1][batch 19450/33199] bags=77800 loss=0.0178
[mil][epoch 1/1][batch 19500/33199] bags=78000 loss=0.2499
[mil][epoch 1/1][batch 19550/33199] bags=78200 loss=0.4863
[mil][epoch 1/1][batch 19600/33199] bags=78400 loss=0.3806
[mil] saved interval checkpoint global_step=344002
[mil][epoch 1/1][batch 19650/33199] bags=78600 loss=0.0482
[mil][epoch 1/1][batch 19700/33199] bags=78800 loss=0.2598
[mil][epoch 1/1][batch 19750/33199] bags=79000 loss=0.1230
[mil][epoch 1/1][batch 19800/33199] bags=79200 loss=1.0299
[mil][epoch 1/1][batch 19850/33199] bags=79400 loss=0.1778
[mil][epoch 1/1][batch 19900/33199] bags=79600 loss=0.1236
[mil][epoch 1/1][batch 19950/33199] bags=79800 loss=0.3590
[mil][epoch 1/1][batch 20000/33199] bags=80000 loss=0.2945
[mil][epoch 1/1][batch 20050/33199] bags=80200 loss=0.5723
[mil][epoch 1/1][batch 20100/33199] bags=80400 loss=1.9290
[mil][epoch 1/1][batch 20150/33199] bags=80600 loss=0.1205
[mil][epoch 1/1][batch 20200/33199] bags=80800 loss=1.1374
[mil][epoch 1/1][batch 20250/33199] bags=81000 loss=0.3019
[mil][epoch 1/1][batch 20300/33199] bags=81200 loss=1.7765
[mil][epoch 1/1][batch 20350/33199] bags=81400 loss=2.1296
[mil][epoch 1/1][batch 20400/33199] bags=81600 loss=0.2220
[mil][epoch 1/1][batch 20450/33199] bags=81800 loss=0.3410
[mil][epoch 1/1][batch 20500/33199] bags=82000 loss=1.4808
[mil][epoch 1/1][batch 20550/33199] bags=82200 loss=0.3670
[mil][epoch 1/1][batch 20600/33199] bags=82400 loss=0.4188
[mil] saved interval checkpoint global_step=348002
[mil][epoch 1/1][batch 20650/33199] bags=82600 loss=0.1281
[mil][epoch 1/1][batch 20700/33199] bags=82800 loss=1.2677
[mil][epoch 1/1][batch 20750/33199] bags=83000 loss=0.5911
[mil][epoch 1/1][batch 20800/33199] bags=83200 loss=0.5347
[mil][epoch 1/1][batch 20850/33199] bags=83400 loss=0.0133
[mil][epoch 1/1][batch 20900/33199] bags=83600 loss=0.4690
[mil][epoch 1/1][batch 20950/33199] bags=83800 loss=0.0557
[mil][epoch 1/1][batch 21000/33199] bags=84000 loss=0.6408
[mil][epoch 1/1][batch 21050/33199] bags=84200 loss=0.0840
[mil][epoch 1/1][batch 21100/33199] bags=84400 loss=0.5037
[mil][epoch 1/1][batch 21150/33199] bags=84600 loss=0.8046
[mil][epoch 1/1][batch 21200/33199] bags=84800 loss=0.6708
[mil][epoch 1/1][batch 21250/33199] bags=85000 loss=0.2717
[mil][epoch 1/1][batch 21300/33199] bags=85200 loss=0.4310
[mil][epoch 1/1][batch 21350/33199] bags=85400 loss=0.1729
[mil][epoch 1/1][batch 21400/33199] bags=85600 loss=1.0325
[mil][epoch 1/1][batch 21450/33199] bags=85800 loss=0.7906
[mil][epoch 1/1][batch 21500/33199] bags=86000 loss=0.1259
[mil][epoch 1/1][batch 21550/33199] bags=86200 loss=0.3517
[mil][epoch 1/1][batch 21600/33199] bags=86400 loss=0.1346
[mil] saved interval checkpoint global_step=352002
[mil][epoch 1/1][batch 21650/33199] bags=86600 loss=0.2887
[mil][epoch 1/1][batch 21700/33199] bags=86800 loss=0.3467
[mil][epoch 1/1][batch 21750/33199] bags=87000 loss=0.4703
[mil][epoch 1/1][batch 21800/33199] bags=87200 loss=0.6913
[mil][epoch 1/1][batch 21850/33199] bags=87400 loss=1.8304
[mil][epoch 1/1][batch 21900/33199] bags=87600 loss=0.4134
[mil][epoch 1/1][batch 21950/33199] bags=87800 loss=0.3750
[mil][epoch 1/1][batch 22000/33199] bags=88000 loss=0.5342
[mil][epoch 1/1][batch 22050/33199] bags=88200 loss=0.7310
[mil][epoch 1/1][batch 22100/33199] bags=88400 loss=0.5571
[mil][epoch 1/1][batch 22150/33199] bags=88600 loss=0.2827
[mil][epoch 1/1][batch 22200/33199] bags=88800 loss=0.2308
[mil][epoch 1/1][batch 22250/33199] bags=89000 loss=0.4807
[mil][epoch 1/1][batch 22300/33199] bags=89200 loss=1.9233
[mil][epoch 1/1][batch 22350/33199] bags=89400 loss=0.0351
[mil][epoch 1/1][batch 22400/33199] bags=89600 loss=0.1024
[mil][epoch 1/1][batch 22450/33199] bags=89800 loss=0.0809
[mil][epoch 1/1][batch 22500/33199] bags=90000 loss=0.4840
[mil][epoch 1/1][batch 22550/33199] bags=90200 loss=1.2040
[mil][epoch 1/1][batch 22600/33199] bags=90400 loss=0.7008
[mil] saved interval checkpoint global_step=356002
[mil][epoch 1/1][batch 22650/33199] bags=90600 loss=0.1878
[mil][epoch 1/1][batch 22700/33199] bags=90800 loss=0.4378
[mil][epoch 1/1][batch 22750/33199] bags=91000 loss=0.3874
[mil][epoch 1/1][batch 22800/33199] bags=91200 loss=0.4720
[mil][epoch 1/1][batch 22850/33199] bags=91400 loss=0.3079
[mil][epoch 1/1][batch 22900/33199] bags=91600 loss=0.0710
[mil][epoch 1/1][batch 22950/33199] bags=91800 loss=0.8239
[mil][epoch 1/1][batch 23000/33199] bags=92000 loss=0.0077
[mil][epoch 1/1][batch 23050/33199] bags=92200 loss=0.3880
[mil][epoch 1/1][batch 23100/33199] bags=92400 loss=0.7586
[mil][epoch 1/1][batch 23150/33199] bags=92600 loss=0.0900
[mil][epoch 1/1][batch 23200/33199] bags=92800 loss=2.0545
[mil][epoch 1/1][batch 23250/33199] bags=93000 loss=0.1089
[mil][epoch 1/1][batch 23300/33199] bags=93200 loss=0.4069
[mil][epoch 1/1][batch 23350/33199] bags=93400 loss=0.2841
[mil][epoch 1/1][batch 23400/33199] bags=93600 loss=0.8150
[mil][epoch 1/1][batch 23450/33199] bags=93800 loss=0.1074
[mil][epoch 1/1][batch 23500/33199] bags=94000 loss=0.6050
[mil][epoch 1/1][batch 23550/33199] bags=94200 loss=0.1862
[mil][epoch 1/1][batch 23600/33199] bags=94400 loss=0.1740
[mil] saved interval checkpoint global_step=360002
[mil][epoch 1/1][batch 23650/33199] bags=94600 loss=0.1772
[mil][epoch 1/1][batch 23700/33199] bags=94800 loss=0.5831
[mil][epoch 1/1][batch 23750/33199] bags=95000 loss=0.4008
[mil][epoch 1/1][batch 23800/33199] bags=95200 loss=0.3216
[mil][epoch 1/1][batch 23850/33199] bags=95400 loss=0.7275
[mil][epoch 1/1][batch 23900/33199] bags=95600 loss=0.2164
[mil][epoch 1/1][batch 23950/33199] bags=95800 loss=2.1618
[mil][epoch 1/1][batch 24000/33199] bags=96000 loss=0.5521
[mil][epoch 1/1][batch 24050/33199] bags=96200 loss=1.1784
[mil][epoch 1/1][batch 24100/33199] bags=96400 loss=0.0867
[mil][epoch 1/1][batch 24150/33199] bags=96600 loss=0.5756
[mil][epoch 1/1][batch 24200/33199] bags=96800 loss=0.0386
[mil][epoch 1/1][batch 24250/33199] bags=97000 loss=0.1220
[mil][epoch 1/1][batch 24300/33199] bags=97200 loss=0.3352
[mil][epoch 1/1][batch 24350/33199] bags=97400 loss=1.9130
[mil][epoch 1/1][batch 24400/33199] bags=97600 loss=1.2763
[mil][epoch 1/1][batch 24450/33199] bags=97800 loss=0.1091
[mil][epoch 1/1][batch 24500/33199] bags=98000 loss=0.4870
[mil][epoch 1/1][batch 24550/33199] bags=98200 loss=0.0305
[mil][epoch 1/1][batch 24600/33199] bags=98400 loss=1.7586
[mil] saved interval checkpoint global_step=364002
[mil][epoch 1/1][batch 24650/33199] bags=98600 loss=0.6944
[mil][epoch 1/1][batch 24700/33199] bags=98800 loss=0.7990
[mil][epoch 1/1][batch 24750/33199] bags=99000 loss=1.4318
[mil][epoch 1/1][batch 24800/33199] bags=99200 loss=0.5819
[mil][epoch 1/1][batch 24850/33199] bags=99400 loss=0.1453
[mil][epoch 1/1][batch 24900/33199] bags=99600 loss=0.1838
[mil][epoch 1/1][batch 24950/33199] bags=99800 loss=0.0882
[mil][epoch 1/1][batch 25000/33199] bags=100000 loss=0.4358
[mil][epoch 1/1][batch 25050/33199] bags=100200 loss=0.4122
[mil][epoch 1/1][batch 25100/33199] bags=100400 loss=0.4243
[mil][epoch 1/1][batch 25150/33199] bags=100600 loss=0.9554
[mil][epoch 1/1][batch 25200/33199] bags=100800 loss=0.1931
[mil][epoch 1/1][batch 25250/33199] bags=101000 loss=0.1087
[mil][epoch 1/1][batch 25300/33199] bags=101200 loss=0.3635
[mil][epoch 1/1][batch 25350/33199] bags=101400 loss=0.0817
[mil][epoch 1/1][batch 25400/33199] bags=101600 loss=0.3160
[mil][epoch 1/1][batch 25450/33199] bags=101800 loss=0.1120
[mil][epoch 1/1][batch 25500/33199] bags=102000 loss=0.0304
[mil][epoch 1/1][batch 25550/33199] bags=102200 loss=0.4955
[mil][epoch 1/1][batch 25600/33199] bags=102400 loss=0.6742
[mil] saved interval checkpoint global_step=368002
[mil][epoch 1/1][batch 25650/33199] bags=102600 loss=0.1073
[mil][epoch 1/1][batch 25700/33199] bags=102800 loss=0.0114
[mil][epoch 1/1][batch 25750/33199] bags=103000 loss=0.0759
[mil][epoch 1/1][batch 25800/33199] bags=103200 loss=0.1365
[mil][epoch 1/1][batch 25850/33199] bags=103400 loss=0.0273
[mil][epoch 1/1][batch 25900/33199] bags=103600 loss=0.2660
[mil][epoch 1/1][batch 25950/33199] bags=103800 loss=0.1602
[mil][epoch 1/1][batch 26000/33199] bags=104000 loss=0.2771
[mil][epoch 1/1][batch 26050/33199] bags=104200 loss=1.3285
[mil][epoch 1/1][batch 26100/33199] bags=104400 loss=0.6740
[mil][epoch 1/1][batch 26150/33199] bags=104600 loss=0.7583
[mil][epoch 1/1][batch 26200/33199] bags=104800 loss=0.5167
[mil][epoch 1/1][batch 26250/33199] bags=105000 loss=0.2592
[mil][epoch 1/1][batch 26300/33199] bags=105200 loss=1.0152
[mil][epoch 1/1][batch 26350/33199] bags=105400 loss=0.7025
[mil][epoch 1/1][batch 26400/33199] bags=105600 loss=0.0610
[mil][epoch 1/1][batch 26450/33199] bags=105800 loss=0.8761
[mil][epoch 1/1][batch 26500/33199] bags=106000 loss=0.0479
[mil][epoch 1/1][batch 26550/33199] bags=106200 loss=0.3539
[mil][epoch 1/1][batch 26600/33199] bags=106400 loss=0.1316
[mil] saved interval checkpoint global_step=372002
[mil][epoch 1/1][batch 26650/33199] bags=106600 loss=1.2702
[mil][epoch 1/1][batch 26700/33199] bags=106800 loss=0.3807
[mil][epoch 1/1][batch 26750/33199] bags=107000 loss=1.3528
[mil][epoch 1/1][batch 26800/33199] bags=107200 loss=0.4489
[mil][epoch 1/1][batch 26850/33199] bags=107400 loss=0.1957
[mil][epoch 1/1][batch 26900/33199] bags=107600 loss=0.7042
[mil][epoch 1/1][batch 26950/33199] bags=107800 loss=0.9188
[mil][epoch 1/1][batch 27000/33199] bags=108000 loss=0.1837
[mil][epoch 1/1][batch 27050/33199] bags=108200 loss=1.7557
[mil][epoch 1/1][batch 27100/33199] bags=108400 loss=1.0881
[mil][epoch 1/1][batch 27150/33199] bags=108600 loss=0.5802
[mil][epoch 1/1][batch 27200/33199] bags=108800 loss=0.2428
[mil][epoch 1/1][batch 27250/33199] bags=109000 loss=0.0257
[mil][epoch 1/1][batch 27300/33199] bags=109200 loss=0.2959
[mil][epoch 1/1][batch 27350/33199] bags=109400 loss=0.0088
[mil][epoch 1/1][batch 27400/33199] bags=109600 loss=0.5221
[mil][epoch 1/1][batch 27450/33199] bags=109800 loss=0.0890
[mil][epoch 1/1][batch 27500/33199] bags=110000 loss=0.4378
[mil][epoch 1/1][batch 27550/33199] bags=110200 loss=0.0728
[mil][epoch 1/1][batch 27600/33199] bags=110400 loss=1.1905
[mil] saved interval checkpoint global_step=376002
[mil][epoch 1/1][batch 27650/33199] bags=110600 loss=0.9383
[mil][epoch 1/1][batch 27700/33199] bags=110800 loss=0.1471
[mil][epoch 1/1][batch 27750/33199] bags=111000 loss=0.1507
[mil][epoch 1/1][batch 27800/33199] bags=111200 loss=1.6825
[mil][epoch 1/1][batch 27850/33199] bags=111400 loss=0.3097
[mil][epoch 1/1][batch 27900/33199] bags=111600 loss=0.2377
[mil][epoch 1/1][batch 27950/33199] bags=111800 loss=0.3015
[mil][epoch 1/1][batch 28000/33199] bags=112000 loss=0.1878
[mil][epoch 1/1][batch 28050/33199] bags=112200 loss=1.4211
[mil][epoch 1/1][batch 28100/33199] bags=112400 loss=0.1779
[mil][epoch 1/1][batch 28150/33199] bags=112600 loss=0.2106
[mil][epoch 1/1][batch 28200/33199] bags=112800 loss=0.2066
[mil][epoch 1/1][batch 28250/33199] bags=113000 loss=0.0641
[mil][epoch 1/1][batch 28300/33199] bags=113200 loss=0.1382
[mil][epoch 1/1][batch 28350/33199] bags=113400 loss=0.1315
[mil][epoch 1/1][batch 28400/33199] bags=113600 loss=1.1891
[mil][epoch 1/1][batch 28450/33199] bags=113800 loss=0.6512
[mil][epoch 1/1][batch 28500/33199] bags=114000 loss=0.2494
[mil][epoch 1/1][batch 28550/33199] bags=114200 loss=0.6801
[mil][epoch 1/1][batch 28600/33199] bags=114400 loss=0.7051
[mil] saved interval checkpoint global_step=380002
[mil][epoch 1/1][batch 28650/33199] bags=114600 loss=0.0696
[mil][epoch 1/1][batch 28700/33199] bags=114800 loss=0.3002
[mil][epoch 1/1][batch 28750/33199] bags=115000 loss=1.7509
[mil][epoch 1/1][batch 28800/33199] bags=115200 loss=0.1758
[mil][epoch 1/1][batch 28850/33199] bags=115400 loss=0.4272
[mil][epoch 1/1][batch 28900/33199] bags=115600 loss=1.1277
[mil][epoch 1/1][batch 28950/33199] bags=115800 loss=0.1801
[mil][epoch 1/1][batch 29000/33199] bags=116000 loss=1.5666
[mil][epoch 1/1][batch 29050/33199] bags=116200 loss=0.4280
[mil][epoch 1/1][batch 29100/33199] bags=116400 loss=0.6281
[mil][epoch 1/1][batch 29150/33199] bags=116600 loss=1.6499
[mil][epoch 1/1][batch 29200/33199] bags=116800 loss=1.8393
[mil][epoch 1/1][batch 29250/33199] bags=117000 loss=0.0906
[mil][epoch 1/1][batch 29300/33199] bags=117200 loss=1.2537
[mil][epoch 1/1][batch 29350/33199] bags=117400 loss=0.0644
[mil][epoch 1/1][batch 29400/33199] bags=117600 loss=0.2250
[mil][epoch 1/1][batch 29450/33199] bags=117800 loss=0.1830
[mil][epoch 1/1][batch 29500/33199] bags=118000 loss=0.0509
[mil][epoch 1/1][batch 29550/33199] bags=118200 loss=0.7191
[mil][epoch 1/1][batch 29600/33199] bags=118400 loss=1.5806
[mil] saved interval checkpoint global_step=384002
[mil][epoch 1/1][batch 29650/33199] bags=118600 loss=0.0162
[mil][epoch 1/1][batch 29700/33199] bags=118800 loss=0.8331
[mil][epoch 1/1][batch 29750/33199] bags=119000 loss=1.2793
[mil][epoch 1/1][batch 29800/33199] bags=119200 loss=0.0321
[mil][epoch 1/1][batch 29850/33199] bags=119400 loss=0.8041
[mil][epoch 1/1][batch 29900/33199] bags=119600 loss=0.7037
[mil][epoch 1/1][batch 29950/33199] bags=119800 loss=0.4889
[mil][epoch 1/1][batch 30000/33199] bags=120000 loss=0.2433
[mil][epoch 1/1][batch 30050/33199] bags=120200 loss=0.3506
[mil][epoch 1/1][batch 30100/33199] bags=120400 loss=0.0582
[mil][epoch 1/1][batch 30150/33199] bags=120600 loss=0.7058
[mil][epoch 1/1][batch 30200/33199] bags=120800 loss=0.0960
[mil][epoch 1/1][batch 30250/33199] bags=121000 loss=0.3317
[mil][epoch 1/1][batch 30300/33199] bags=121200 loss=0.4009
[mil][epoch 1/1][batch 30350/33199] bags=121400 loss=0.0544
[mil][epoch 1/1][batch 30400/33199] bags=121600 loss=1.1643
[mil][epoch 1/1][batch 30450/33199] bags=121800 loss=2.6755
[mil][epoch 1/1][batch 30500/33199] bags=122000 loss=0.1118
[mil][epoch 1/1][batch 30550/33199] bags=122200 loss=0.3429
[mil][epoch 1/1][batch 30600/33199] bags=122400 loss=0.3159
[mil] saved interval checkpoint global_step=388002
[mil][epoch 1/1][batch 30650/33199] bags=122600 loss=1.0648
[mil][epoch 1/1][batch 30700/33199] bags=122800 loss=1.0188
[mil][epoch 1/1][batch 30750/33199] bags=123000 loss=0.1103
[mil][epoch 1/1][batch 30800/33199] bags=123200 loss=0.5272
[mil][epoch 1/1][batch 30850/33199] bags=123400 loss=0.6115
[mil][epoch 1/1][batch 30900/33199] bags=123600 loss=0.3073
[mil][epoch 1/1][batch 30950/33199] bags=123800 loss=0.6009
[mil][epoch 1/1][batch 31000/33199] bags=124000 loss=0.2308
[mil][epoch 1/1][batch 31050/33199] bags=124200 loss=0.8000
[mil][epoch 1/1][batch 31100/33199] bags=124400 loss=1.6970
[mil][epoch 1/1][batch 31150/33199] bags=124600 loss=0.1442
[mil][epoch 1/1][batch 31200/33199] bags=124800 loss=0.1848
[mil][epoch 1/1][batch 31250/33199] bags=125000 loss=1.5046
[mil][epoch 1/1][batch 31300/33199] bags=125200 loss=0.0165
[mil][epoch 1/1][batch 31350/33199] bags=125400 loss=0.1033
[mil][epoch 1/1][batch 31400/33199] bags=125600 loss=1.6454
[mil][epoch 1/1][batch 31450/33199] bags=125800 loss=0.3011
[mil][epoch 1/1][batch 31500/33199] bags=126000 loss=0.2619
[mil][epoch 1/1][batch 31550/33199] bags=126200 loss=0.5561
[mil][epoch 1/1][batch 31600/33199] bags=126400 loss=1.1868
[mil] saved interval checkpoint global_step=392002
[mil][epoch 1/1][batch 31650/33199] bags=126600 loss=0.7970
[mil][epoch 1/1][batch 31700/33199] bags=126800 loss=0.1655
[mil][epoch 1/1][batch 31750/33199] bags=127000 loss=0.7217
[mil][epoch 1/1][batch 31800/33199] bags=127200 loss=0.3956
[mil][epoch 1/1][batch 31850/33199] bags=127400 loss=0.1640
[mil][epoch 1/1][batch 31900/33199] bags=127600 loss=0.2735
[mil][epoch 1/1][batch 31950/33199] bags=127800 loss=0.3688
[mil][epoch 1/1][batch 32000/33199] bags=128000 loss=0.2313
[mil][epoch 1/1][batch 32050/33199] bags=128200 loss=0.3046
[mil][epoch 1/1][batch 32100/33199] bags=128400 loss=0.4364
[mil][epoch 1/1][batch 32150/33199] bags=128600 loss=0.5346
[mil][epoch 1/1][batch 32200/33199] bags=128800 loss=0.3876
[mil][epoch 1/1][batch 32250/33199] bags=129000 loss=0.2192
[mil][epoch 1/1][batch 32300/33199] bags=129200 loss=0.3584
[mil][epoch 1/1][batch 32350/33199] bags=129400 loss=0.0168
[mil][epoch 1/1][batch 32400/33199] bags=129600 loss=0.0010
[mil][epoch 1/1][batch 32450/33199] bags=129800 loss=0.1906
[mil][epoch 1/1][batch 32500/33199] bags=130000 loss=0.7221
[mil][epoch 1/1][batch 32550/33199] bags=130200 loss=0.1549
[mil][epoch 1/1][batch 32600/33199] bags=130400 loss=0.9194
[mil] saved interval checkpoint global_step=396002
[mil][epoch 1/1][batch 32650/33199] bags=130600 loss=0.0921
[mil][epoch 1/1][batch 32700/33199] bags=130800 loss=0.2429
[mil][epoch 1/1][batch 32750/33199] bags=131000 loss=0.1202
[mil][epoch 1/1][batch 32800/33199] bags=131200 loss=0.9507
[mil][epoch 1/1][batch 32850/33199] bags=131400 loss=0.1838
[mil][epoch 1/1][batch 32900/33199] bags=131600 loss=0.5139
[mil][epoch 1/1][batch 32950/33199] bags=131800 loss=1.0139
[mil][epoch 1/1][batch 33000/33199] bags=132000 loss=0.3484
[mil][epoch 1/1][batch 33050/33199] bags=132200 loss=0.4830
[mil][epoch 1/1][batch 33100/33199] bags=132400 loss=0.3961
[mil][epoch 1/1][batch 33150/33199] bags=132600 loss=0.5755
[mil][epoch 1/1][batch 33199/33199] bags=132793 loss=0.0123
[mil][epoch 1][val][batch 1/190] bags=4
[mil][epoch 1][val][batch 50/190] bags=200
[mil][epoch 1][val][batch 100/190] bags=400
[mil][epoch 1][val][batch 150/190] bags=600
[mil][epoch 1][val][batch 190/190] bags=760
[mil][epoch 1/1] train_loss=0.5467 train_f1=0.8185 val_loss=1.7766 val_f1=0.5967
[mil][test][batch 1/190] bags=4
[mil][test][batch 50/190] bags=200
[mil][test][batch 100/190] bags=400
[mil][test][batch 150/190] bags=600
[mil][test][batch 190/190] bags=760
{
  "exp_dir": "/Users/Sonny/Research/W\uff5cECFGClassifier/experiments/task_aware_denoiser_finetune/mil_experiments/exp_003",
  "best_val_macro_f1": 0.7666073005125785,
  "test_macro_f1": 0.5938665627438781
}
