{
  "exp_dir": "/Users/Sonny/Research/W\uff5cECFGClassifier/experiments/task_aware_denoiser_finetune/mil_experiments/exp_002",
  "device": "cpu",
  "config": {
    "days": [
      "2025-07-01",
      "2025-07-02",
      "2025-07-03",
      "2025-07-04",
      "2025-07-05",
      "2025-07-06",
      "2025-07-07",
      "2025-07-08",
      "2025-07-09",
      "2025-07-10",
      "2025-07-11",
      "2025-07-12",
      "2025-07-13",
      "2025-07-14",
      "2025-07-15",
      "2025-07-16",
      "2025-07-17",
      "2025-07-18",
      "2025-07-19",
      "2025-07-20"
    ],
    "seed": 42,
    "classifier_strategy": "pretrained_cnn_bilstm",
    "classifier_head": "single",
    "classifier_input": "raw",
    "classifier_only": true,
    "mapping_preset": "raw19_identity",
    "mapping_description": "Use all 19 Ecgdata folder types as direct training classes.",
    "class_order": [
      "21AvB",
      "AF",
      "AtCou",
      "AtRun",
      "ComHB",
      "EctAR",
      "EctAt",
      "EctVe",
      "Idiov",
      "JuRhy",
      "Noise",
      "PaRhy",
      "Pause",
      "SArrh",
      "SRhy",
      "SVT",
      "VT",
      "VeCou",
      "Wenck"
    ],
    "max_files_per_class": 0,
    "val_fraction": 0.1,
    "test_fraction": 0.1,
    "classifier_epochs": 2,
    "denoiser_epochs": 0,
    "batch_size": 4,
    "num_workers": 0,
    "file_batch_sampler": false,
    "log_every_batches": 200,
    "checkpoint_every_batches": 4000,
    "validation_max_batches": 760,
    "test_max_batches": 760,
    "learning_rate_classifier": 0.0001,
    "learning_rate_denoiser": 0.0,
    "lambda_anchor": 0.0,
    "lambda_slope": 0.0,
    "lambda_noise": 0.0,
    "noise_class_name": "Noise",
    "noise_threshold": 0.9,
    "diagnosis_confidence_threshold": 0.7,
    "window_sec": 10,
    "input_fs": 250,
    "denoiser_fs": 360,
    "init_classifier_path": "/Users/Sonny/Research/W\uff5cECFGClassifier/experiments/task_aware_denoiser_finetune/exp_017/checkpoints/stage1/step_00016000.ckpt",
    "init_denoiser_path": null
  }
}
[manifest] class=21AvB selected=7696 train=6156 val=770 test=770
[manifest] class=AF selected=9997 train=7997 val=1000 test=1000
[manifest] class=AtCou selected=9993 train=7995 val=999 test=999
[manifest] class=AtRun selected=9998 train=7998 val=1000 test=1000
[manifest] class=ComHB selected=3427 train=2741 val=343 test=343
[manifest] class=EctAR selected=9325 train=7461 val=932 test=932
[manifest] class=EctAt selected=9998 train=7998 val=1000 test=1000
[manifest] class=EctVe selected=9998 train=7998 val=1000 test=1000
[manifest] class=Idiov selected=458 train=366 val=46 test=46
[manifest] class=JuRhy selected=9443 train=7555 val=944 test=944
[manifest] class=Noise selected=19299 train=15439 val=1930 test=1930
[manifest] class=PaRhy selected=3121 train=2497 val=312 test=312
[manifest] class=Pause selected=8173 train=6539 val=817 test=817
[manifest] class=SArrh selected=10000 train=8000 val=1000 test=1000
[manifest] class=SRhy selected=9997 train=7997 val=1000 test=1000
[manifest] class=SVT selected=9674 train=7740 val=967 test=967
[manifest] class=VT selected=5402 train=4322 val=540 test=540
[manifest] class=VeCou selected=9997 train=7997 val=1000 test=1000
[manifest] class=Wenck selected=9997 train=7997 val=1000 test=1000
[manifest] total_files=165993 total_windows=1330782
[train] files=132793 class_counts={"21AvB": 6156, "AF": 7997, "AtCou": 7995, "AtRun": 7998, "ComHB": 2741, "EctAR": 7461, "EctAt": 7998, "EctVe": 7998, "Idiov": 366, "JuRhy": 7555, "Noise": 15439, "PaRhy": 2497, "Pause": 6539, "SArrh": 8000, "SRhy": 7997, "SVT": 7740, "VT": 4322, "VeCou": 7997, "Wenck": 7997}
[val] files=760/16600 class_counts={"21AvB": 40, "AF": 40, "AtCou": 40, "AtRun": 40, "ComHB": 40, "EctAR": 40, "EctAt": 40, "EctVe": 40, "Idiov": 40, "JuRhy": 40, "Noise": 40, "PaRhy": 40, "Pause": 40, "SArrh": 40, "SRhy": 40, "SVT": 40, "VT": 40, "VeCou": 40, "Wenck": 40}
[test] files=760/16600 class_counts={"21AvB": 40, "AF": 40, "AtCou": 40, "AtRun": 40, "ComHB": 40, "EctAR": 40, "EctAt": 40, "EctVe": 40, "Idiov": 40, "JuRhy": 40, "Noise": 40, "PaRhy": 40, "Pause": 40, "SArrh": 40, "SRhy": 40, "SVT": 40, "VT": 40, "VeCou": 40, "Wenck": 40}
[init] pretrained_cnn_bilstm from best_model.pt loaded 41 tensors; skipped 2 mismatched tensors
[init] fine-tune warm start from step_00016000.ckpt loaded 43 tensors; skipped 0 mismatched tensors
[mil][epoch 1/2][batch 1/33199] bags=4 loss=0.5468
[mil][epoch 1/2][batch 50/33199] bags=200 loss=0.7191
[mil][epoch 1/2][batch 100/33199] bags=400 loss=1.2980
[mil][epoch 1/2][batch 150/33199] bags=600 loss=1.4974
[mil][epoch 1/2][batch 200/33199] bags=800 loss=0.4550
[mil][epoch 1/2][batch 250/33199] bags=1000 loss=0.1590
[mil][epoch 1/2][batch 300/33199] bags=1200 loss=0.4041
[mil][epoch 1/2][batch 350/33199] bags=1400 loss=0.0854
[mil][epoch 1/2][batch 400/33199] bags=1600 loss=1.6983
[mil][epoch 1/2][batch 450/33199] bags=1800 loss=0.5356
[mil][epoch 1/2][batch 500/33199] bags=2000 loss=0.4245
[mil][epoch 1/2][batch 550/33199] bags=2200 loss=1.9601
[mil][epoch 1/2][batch 600/33199] bags=2400 loss=1.1426
[mil][epoch 1/2][batch 650/33199] bags=2600 loss=1.7105
[mil][epoch 1/2][batch 700/33199] bags=2800 loss=0.6014
[mil][epoch 1/2][batch 750/33199] bags=3000 loss=0.2649
[mil][epoch 1/2][batch 800/33199] bags=3200 loss=1.2448
[mil][epoch 1/2][batch 850/33199] bags=3400 loss=0.3211
[mil][epoch 1/2][batch 900/33199] bags=3600 loss=0.2890
[mil][epoch 1/2][batch 950/33199] bags=3800 loss=0.0258
[mil][epoch 1/2][batch 1000/33199] bags=4000 loss=0.9892
[mil] saved interval checkpoint global_step=4000
[mil][epoch 1/2][batch 1050/33199] bags=4200 loss=1.3068
[mil][epoch 1/2][batch 1100/33199] bags=4400 loss=0.5939
[mil][epoch 1/2][batch 1150/33199] bags=4600 loss=0.8759
[mil][epoch 1/2][batch 1200/33199] bags=4800 loss=0.2061
[mil][epoch 1/2][batch 1250/33199] bags=5000 loss=0.9869
[mil][epoch 1/2][batch 1300/33199] bags=5200 loss=0.0363
[mil][epoch 1/2][batch 1350/33199] bags=5400 loss=1.1433
[mil][epoch 1/2][batch 1400/33199] bags=5600 loss=0.1250
[mil][epoch 1/2][batch 1450/33199] bags=5800 loss=0.1033
[mil][epoch 1/2][batch 1500/33199] bags=6000 loss=0.8381
[mil][epoch 1/2][batch 1550/33199] bags=6200 loss=0.9385
[mil][epoch 1/2][batch 1600/33199] bags=6400 loss=0.5459
[mil][epoch 1/2][batch 1650/33199] bags=6600 loss=1.4213
[mil][epoch 1/2][batch 1700/33199] bags=6800 loss=0.6138
[mil][epoch 1/2][batch 1750/33199] bags=7000 loss=0.3456
[mil][epoch 1/2][batch 1800/33199] bags=7200 loss=1.6224
[mil][epoch 1/2][batch 1850/33199] bags=7400 loss=1.6516
[mil][epoch 1/2][batch 1900/33199] bags=7600 loss=0.0845
[mil][epoch 1/2][batch 1950/33199] bags=7800 loss=0.8982
[mil][epoch 1/2][batch 2000/33199] bags=8000 loss=1.3680
[mil] saved interval checkpoint global_step=8000
[mil][epoch 1/2][batch 2050/33199] bags=8200 loss=0.5935
[mil][epoch 1/2][batch 2100/33199] bags=8400 loss=1.5202
[mil][epoch 1/2][batch 2150/33199] bags=8600 loss=0.4806
[mil][epoch 1/2][batch 2200/33199] bags=8800 loss=0.6556
[mil][epoch 1/2][batch 2250/33199] bags=9000 loss=0.3946
[mil][epoch 1/2][batch 2300/33199] bags=9200 loss=0.1841
[mil][epoch 1/2][batch 2350/33199] bags=9400 loss=0.1898
[mil][epoch 1/2][batch 2400/33199] bags=9600 loss=0.5587
[mil][epoch 1/2][batch 2450/33199] bags=9800 loss=0.9825
[mil][epoch 1/2][batch 2500/33199] bags=10000 loss=0.5079
[mil][epoch 1/2][batch 2550/33199] bags=10200 loss=0.1317
[mil][epoch 1/2][batch 2600/33199] bags=10400 loss=0.1753
[mil][epoch 1/2][batch 2650/33199] bags=10600 loss=0.8657
[mil][epoch 1/2][batch 2700/33199] bags=10800 loss=3.6535
[mil][epoch 1/2][batch 2750/33199] bags=11000 loss=0.3019
[mil][epoch 1/2][batch 2800/33199] bags=11200 loss=0.6143
[mil][epoch 1/2][batch 2850/33199] bags=11400 loss=0.5287
[mil][epoch 1/2][batch 2900/33199] bags=11600 loss=0.5957
[mil][epoch 1/2][batch 2950/33199] bags=11800 loss=0.2983
[mil][epoch 1/2][batch 3000/33199] bags=12000 loss=0.2521
[mil] saved interval checkpoint global_step=12000
[mil][epoch 1/2][batch 3050/33199] bags=12200 loss=0.9097
[mil][epoch 1/2][batch 3100/33199] bags=12400 loss=0.0323
[mil][epoch 1/2][batch 3150/33199] bags=12600 loss=2.5732
[mil][epoch 1/2][batch 3200/33199] bags=12800 loss=0.5467
[mil][epoch 1/2][batch 3250/33199] bags=13000 loss=1.0469
[mil][epoch 1/2][batch 3300/33199] bags=13200 loss=0.3486
[mil][epoch 1/2][batch 3350/33199] bags=13400 loss=0.2478
[mil][epoch 1/2][batch 3400/33199] bags=13600 loss=0.1212
[mil][epoch 1/2][batch 3450/33199] bags=13800 loss=0.9749
[mil][epoch 1/2][batch 3500/33199] bags=14000 loss=0.0788
[mil][epoch 1/2][batch 3550/33199] bags=14200 loss=0.3695
[mil][epoch 1/2][batch 3600/33199] bags=14400 loss=0.6719
[mil][epoch 1/2][batch 3650/33199] bags=14600 loss=0.0680
[mil][epoch 1/2][batch 3700/33199] bags=14800 loss=0.0471
[mil][epoch 1/2][batch 3750/33199] bags=15000 loss=0.3158
[mil][epoch 1/2][batch 3800/33199] bags=15200 loss=0.0602
[mil][epoch 1/2][batch 3850/33199] bags=15400 loss=2.6141
[mil][epoch 1/2][batch 3900/33199] bags=15600 loss=1.5264
[mil][epoch 1/2][batch 3950/33199] bags=15800 loss=0.5200
[mil][epoch 1/2][batch 4000/33199] bags=16000 loss=1.3319
[mil] saved interval checkpoint global_step=16000
[mil][epoch 1/2][batch 4050/33199] bags=16200 loss=1.0467
[mil][epoch 1/2][batch 4100/33199] bags=16400 loss=1.4786
[mil][epoch 1/2][batch 4150/33199] bags=16600 loss=0.0836
[mil][epoch 1/2][batch 4200/33199] bags=16800 loss=0.0197
[mil][epoch 1/2][batch 4250/33199] bags=17000 loss=2.4033
[mil][epoch 1/2][batch 4300/33199] bags=17200 loss=0.0740
[mil][epoch 1/2][batch 4350/33199] bags=17400 loss=0.6446
[mil][epoch 1/2][batch 4400/33199] bags=17600 loss=0.6168
[mil][epoch 1/2][batch 4450/33199] bags=17800 loss=0.7207
[mil][epoch 1/2][batch 4500/33199] bags=18000 loss=0.6578
[mil][epoch 1/2][batch 4550/33199] bags=18200 loss=1.6428
[mil][epoch 1/2][batch 4600/33199] bags=18400 loss=1.3643
[mil][epoch 1/2][batch 4650/33199] bags=18600 loss=0.2123
[mil][epoch 1/2][batch 4700/33199] bags=18800 loss=0.6686
[mil][epoch 1/2][batch 4750/33199] bags=19000 loss=0.4636
[mil][epoch 1/2][batch 4800/33199] bags=19200 loss=0.0589
[mil][epoch 1/2][batch 4850/33199] bags=19400 loss=1.1723
[mil][epoch 1/2][batch 4900/33199] bags=19600 loss=0.4120
[mil][epoch 1/2][batch 4950/33199] bags=19800 loss=0.8076
[mil][epoch 1/2][batch 5000/33199] bags=20000 loss=0.4978
[mil] saved interval checkpoint global_step=20000
[mil][epoch 1/2][batch 5050/33199] bags=20200 loss=0.2613
[mil][epoch 1/2][batch 5100/33199] bags=20400 loss=0.3502
[mil][epoch 1/2][batch 5150/33199] bags=20600 loss=0.3034
[mil][epoch 1/2][batch 5200/33199] bags=20800 loss=0.0855
[mil][epoch 1/2][batch 5250/33199] bags=21000 loss=0.6422
[mil][epoch 1/2][batch 5300/33199] bags=21200 loss=0.4178
[mil][epoch 1/2][batch 5350/33199] bags=21400 loss=0.6620
[mil][epoch 1/2][batch 5400/33199] bags=21600 loss=0.6968
[mil][epoch 1/2][batch 5450/33199] bags=21800 loss=0.4213
[mil][epoch 1/2][batch 5500/33199] bags=22000 loss=0.0637
[mil][epoch 1/2][batch 5550/33199] bags=22200 loss=0.2384
[mil][epoch 1/2][batch 5600/33199] bags=22400 loss=1.4955
[mil][epoch 1/2][batch 5650/33199] bags=22600 loss=1.1672
[mil][epoch 1/2][batch 5700/33199] bags=22800 loss=1.2404
[mil][epoch 1/2][batch 5750/33199] bags=23000 loss=1.7524
[mil][epoch 1/2][batch 5800/33199] bags=23200 loss=0.5475
[mil][epoch 1/2][batch 5850/33199] bags=23400 loss=0.2632
[mil][epoch 1/2][batch 5900/33199] bags=23600 loss=0.6164
[mil][epoch 1/2][batch 5950/33199] bags=23800 loss=0.3056
[mil][epoch 1/2][batch 6000/33199] bags=24000 loss=1.0639
[mil] saved interval checkpoint global_step=24000
[mil][epoch 1/2][batch 6050/33199] bags=24200 loss=0.8202
[mil][epoch 1/2][batch 6100/33199] bags=24400 loss=1.9103
[mil][epoch 1/2][batch 6150/33199] bags=24600 loss=0.4282
[mil][epoch 1/2][batch 6200/33199] bags=24800 loss=0.8328
[mil][epoch 1/2][batch 6250/33199] bags=25000 loss=0.7316
[mil][epoch 1/2][batch 6300/33199] bags=25200 loss=1.0232
[mil][epoch 1/2][batch 6350/33199] bags=25400 loss=0.0699
[mil][epoch 1/2][batch 6400/33199] bags=25600 loss=2.1901
[mil][epoch 1/2][batch 6450/33199] bags=25800 loss=0.9190
[mil][epoch 1/2][batch 6500/33199] bags=26000 loss=0.2921
[mil][epoch 1/2][batch 6550/33199] bags=26200 loss=0.3981
[mil][epoch 1/2][batch 6600/33199] bags=26400 loss=2.2249
[mil][epoch 1/2][batch 6650/33199] bags=26600 loss=0.1431
[mil][epoch 1/2][batch 6700/33199] bags=26800 loss=0.6220
[mil][epoch 1/2][batch 6750/33199] bags=27000 loss=1.9999
[mil][epoch 1/2][batch 6800/33199] bags=27200 loss=1.2113
[mil][epoch 1/2][batch 6850/33199] bags=27400 loss=1.0290
[mil][epoch 1/2][batch 6900/33199] bags=27600 loss=0.2257
[mil][epoch 1/2][batch 6950/33199] bags=27800 loss=0.4960
[mil][epoch 1/2][batch 7000/33199] bags=28000 loss=0.7091
[mil] saved interval checkpoint global_step=28000
[mil][epoch 1/2][batch 7050/33199] bags=28200 loss=0.0950
[mil][epoch 1/2][batch 7100/33199] bags=28400 loss=0.5447
[mil][epoch 1/2][batch 7150/33199] bags=28600 loss=0.0986
[mil][epoch 1/2][batch 7200/33199] bags=28800 loss=0.2235
[mil][epoch 1/2][batch 7250/33199] bags=29000 loss=0.4451
[mil][epoch 1/2][batch 7300/33199] bags=29200 loss=2.6906
[mil][epoch 1/2][batch 7350/33199] bags=29400 loss=0.8834
[mil][epoch 1/2][batch 7400/33199] bags=29600 loss=0.1708
[mil][epoch 1/2][batch 7450/33199] bags=29800 loss=0.6929
[mil][epoch 1/2][batch 7500/33199] bags=30000 loss=0.1034
[mil][epoch 1/2][batch 7550/33199] bags=30200 loss=1.3449
[mil][epoch 1/2][batch 7600/33199] bags=30400 loss=0.3800
[mil][epoch 1/2][batch 7650/33199] bags=30600 loss=0.3766
[mil][epoch 1/2][batch 7700/33199] bags=30800 loss=0.1029
[mil][epoch 1/2][batch 7750/33199] bags=31000 loss=0.3775
[mil][epoch 1/2][batch 7800/33199] bags=31200 loss=0.5269
[mil][epoch 1/2][batch 7850/33199] bags=31400 loss=0.7562
[mil][epoch 1/2][batch 7900/33199] bags=31600 loss=0.5735
[mil][epoch 1/2][batch 7950/33199] bags=31800 loss=0.4193
[mil][epoch 1/2][batch 8000/33199] bags=32000 loss=0.7424
[mil] saved interval checkpoint global_step=32000
[mil][epoch 1/2][batch 8050/33199] bags=32200 loss=0.4995
[mil][epoch 1/2][batch 8100/33199] bags=32400 loss=1.0219
[mil][epoch 1/2][batch 8150/33199] bags=32600 loss=0.3530
[mil][epoch 1/2][batch 8200/33199] bags=32800 loss=1.0997
[mil][epoch 1/2][batch 8250/33199] bags=33000 loss=0.0602
[mil][epoch 1/2][batch 8300/33199] bags=33200 loss=0.3353
[mil][epoch 1/2][batch 8350/33199] bags=33400 loss=0.1919
[mil][epoch 1/2][batch 8400/33199] bags=33600 loss=0.5367
[mil][epoch 1/2][batch 8450/33199] bags=33800 loss=0.0124
[mil][epoch 1/2][batch 8500/33199] bags=34000 loss=0.1325
[mil][epoch 1/2][batch 8550/33199] bags=34200 loss=1.4280
[mil][epoch 1/2][batch 8600/33199] bags=34400 loss=1.0887
[mil][epoch 1/2][batch 8650/33199] bags=34600 loss=0.2013
[mil][epoch 1/2][batch 8700/33199] bags=34800 loss=0.6841
[mil][epoch 1/2][batch 8750/33199] bags=35000 loss=0.2755
[mil][epoch 1/2][batch 8800/33199] bags=35200 loss=1.0464
[mil][epoch 1/2][batch 8850/33199] bags=35400 loss=0.1618
[mil][epoch 1/2][batch 8900/33199] bags=35600 loss=1.3174
[mil][epoch 1/2][batch 8950/33199] bags=35800 loss=1.0670
[mil][epoch 1/2][batch 9000/33199] bags=36000 loss=1.2845
[mil] saved interval checkpoint global_step=36000
[mil][epoch 1/2][batch 9050/33199] bags=36200 loss=0.2110
[mil][epoch 1/2][batch 9100/33199] bags=36400 loss=0.1295
[mil][epoch 1/2][batch 9150/33199] bags=36600 loss=0.2084
[mil][epoch 1/2][batch 9200/33199] bags=36800 loss=0.4908
[mil][epoch 1/2][batch 9250/33199] bags=37000 loss=0.6066
[mil][epoch 1/2][batch 9300/33199] bags=37200 loss=1.0993
[mil][epoch 1/2][batch 9350/33199] bags=37400 loss=0.8299
[mil][epoch 1/2][batch 9400/33199] bags=37600 loss=0.0970
[mil][epoch 1/2][batch 9450/33199] bags=37800 loss=0.2417
[mil][epoch 1/2][batch 9500/33199] bags=38000 loss=1.8819
[mil][epoch 1/2][batch 9550/33199] bags=38200 loss=0.8964
[mil][epoch 1/2][batch 9600/33199] bags=38400 loss=0.9226
[mil][epoch 1/2][batch 9650/33199] bags=38600 loss=0.0335
[mil][epoch 1/2][batch 9700/33199] bags=38800 loss=0.8969
[mil][epoch 1/2][batch 9750/33199] bags=39000 loss=0.7077
[mil][epoch 1/2][batch 9800/33199] bags=39200 loss=0.1995
[mil][epoch 1/2][batch 9850/33199] bags=39400 loss=1.2213
[mil][epoch 1/2][batch 9900/33199] bags=39600 loss=0.1118
[mil][epoch 1/2][batch 9950/33199] bags=39800 loss=0.0291
[mil][epoch 1/2][batch 10000/33199] bags=40000 loss=0.1329
[mil] saved interval checkpoint global_step=40000
[mil][epoch 1/2][batch 10050/33199] bags=40200 loss=0.8896
[mil][epoch 1/2][batch 10100/33199] bags=40400 loss=0.7096
[mil][epoch 1/2][batch 10150/33199] bags=40600 loss=0.6059
[mil][epoch 1/2][batch 10200/33199] bags=40800 loss=0.0314
[mil][epoch 1/2][batch 10250/33199] bags=41000 loss=0.1790
[mil][epoch 1/2][batch 10300/33199] bags=41200 loss=0.5345
[mil][epoch 1/2][batch 10350/33199] bags=41400 loss=0.4794
[mil][epoch 1/2][batch 10400/33199] bags=41600 loss=0.0717
[mil][epoch 1/2][batch 10450/33199] bags=41800 loss=1.9202
[mil][epoch 1/2][batch 10500/33199] bags=42000 loss=0.9646
[mil][epoch 1/2][batch 10550/33199] bags=42200 loss=0.3331
[mil][epoch 1/2][batch 10600/33199] bags=42400 loss=0.2987
[mil][epoch 1/2][batch 10650/33199] bags=42600 loss=0.7604
[mil][epoch 1/2][batch 10700/33199] bags=42800 loss=0.5044
[mil][epoch 1/2][batch 10750/33199] bags=43000 loss=0.7258
[mil][epoch 1/2][batch 10800/33199] bags=43200 loss=0.3003
[mil][epoch 1/2][batch 10850/33199] bags=43400 loss=0.4255
[mil][epoch 1/2][batch 10900/33199] bags=43600 loss=1.2279
[mil][epoch 1/2][batch 10950/33199] bags=43800 loss=0.5203
[mil][epoch 1/2][batch 11000/33199] bags=44000 loss=0.4857
[mil] saved interval checkpoint global_step=44000
[mil][epoch 1/2][batch 11050/33199] bags=44200 loss=0.6517
[mil][epoch 1/2][batch 11100/33199] bags=44400 loss=1.0740
[mil][epoch 1/2][batch 11150/33199] bags=44600 loss=1.6049
[mil][epoch 1/2][batch 11200/33199] bags=44800 loss=0.0390
[mil][epoch 1/2][batch 11250/33199] bags=45000 loss=0.6248
[mil][epoch 1/2][batch 11300/33199] bags=45200 loss=0.5793
[mil][epoch 1/2][batch 11350/33199] bags=45400 loss=0.4181
[mil][epoch 1/2][batch 11400/33199] bags=45600 loss=0.1574
[mil][epoch 1/2][batch 11450/33199] bags=45800 loss=0.2488
[mil][epoch 1/2][batch 11500/33199] bags=46000 loss=0.3919
[mil][epoch 1/2][batch 11550/33199] bags=46200 loss=0.5749
[mil][epoch 1/2][batch 11600/33199] bags=46400 loss=0.3255
[mil][epoch 1/2][batch 11650/33199] bags=46600 loss=0.2418
[mil][epoch 1/2][batch 11700/33199] bags=46800 loss=0.7101
[mil][epoch 1/2][batch 11750/33199] bags=47000 loss=0.0292
[mil][epoch 1/2][batch 11800/33199] bags=47200 loss=1.6524
[mil][epoch 1/2][batch 11850/33199] bags=47400 loss=0.0795
[mil][epoch 1/2][batch 11900/33199] bags=47600 loss=0.7024
[mil][epoch 1/2][batch 11950/33199] bags=47800 loss=0.3665
[mil][epoch 1/2][batch 12000/33199] bags=48000 loss=0.3009
[mil] saved interval checkpoint global_step=48000
[mil][epoch 1/2][batch 12050/33199] bags=48200 loss=0.4476
[mil][epoch 1/2][batch 12100/33199] bags=48400 loss=0.2413
[mil][epoch 1/2][batch 12150/33199] bags=48600 loss=0.3991
[mil][epoch 1/2][batch 12200/33199] bags=48800 loss=0.3442
[mil][epoch 1/2][batch 12250/33199] bags=49000 loss=0.3490
[mil][epoch 1/2][batch 12300/33199] bags=49200 loss=0.7242
[mil][epoch 1/2][batch 12350/33199] bags=49400 loss=1.0802
[mil][epoch 1/2][batch 12400/33199] bags=49600 loss=0.2476
[mil][epoch 1/2][batch 12450/33199] bags=49800 loss=0.5706
[mil][epoch 1/2][batch 12500/33199] bags=50000 loss=2.5774
[mil][epoch 1/2][batch 12550/33199] bags=50200 loss=0.0211
[mil][epoch 1/2][batch 12600/33199] bags=50400 loss=0.0803
[mil][epoch 1/2][batch 12650/33199] bags=50600 loss=0.0661
[mil][epoch 1/2][batch 12700/33199] bags=50800 loss=0.3035
[mil][epoch 1/2][batch 12750/33199] bags=51000 loss=0.6249
[mil][epoch 1/2][batch 12800/33199] bags=51200 loss=0.3520
[mil][epoch 1/2][batch 12850/33199] bags=51400 loss=0.4844
[mil][epoch 1/2][batch 12900/33199] bags=51600 loss=1.3869
[mil][epoch 1/2][batch 12950/33199] bags=51800 loss=0.3691
[mil][epoch 1/2][batch 13000/33199] bags=52000 loss=0.2792
[mil] saved interval checkpoint global_step=52000
[mil][epoch 1/2][batch 13050/33199] bags=52200 loss=0.5566
[mil][epoch 1/2][batch 13100/33199] bags=52400 loss=0.1654
[mil][epoch 1/2][batch 13150/33199] bags=52600 loss=0.1416
[mil][epoch 1/2][batch 13200/33199] bags=52800 loss=0.0842
[mil][epoch 1/2][batch 13250/33199] bags=53000 loss=0.2644
[mil][epoch 1/2][batch 13300/33199] bags=53200 loss=0.0260
[mil][epoch 1/2][batch 13350/33199] bags=53400 loss=1.1294
[mil][epoch 1/2][batch 13400/33199] bags=53600 loss=0.9556
[mil][epoch 1/2][batch 13450/33199] bags=53800 loss=0.7871
[mil][epoch 1/2][batch 13500/33199] bags=54000 loss=0.4992
[mil][epoch 1/2][batch 13550/33199] bags=54200 loss=0.9900
[mil][epoch 1/2][batch 13600/33199] bags=54400 loss=0.5630
[mil][epoch 1/2][batch 13650/33199] bags=54600 loss=0.6442
[mil][epoch 1/2][batch 13700/33199] bags=54800 loss=0.3807
[mil][epoch 1/2][batch 13750/33199] bags=55000 loss=0.3290
[mil][epoch 1/2][batch 13800/33199] bags=55200 loss=0.8878
[mil][epoch 1/2][batch 13850/33199] bags=55400 loss=0.8616
[mil][epoch 1/2][batch 13900/33199] bags=55600 loss=1.1092
[mil][epoch 1/2][batch 13950/33199] bags=55800 loss=0.3881
[mil][epoch 1/2][batch 14000/33199] bags=56000 loss=0.0941
[mil] saved interval checkpoint global_step=56000
[mil][epoch 1/2][batch 14050/33199] bags=56200 loss=0.5636
[mil][epoch 1/2][batch 14100/33199] bags=56400 loss=0.0472
[mil][epoch 1/2][batch 14150/33199] bags=56600 loss=0.1110
[mil][epoch 1/2][batch 14200/33199] bags=56800 loss=0.1826
[mil][epoch 1/2][batch 14250/33199] bags=57000 loss=0.2707
[mil][epoch 1/2][batch 14300/33199] bags=57200 loss=0.7886
[mil][epoch 1/2][batch 14350/33199] bags=57400 loss=1.4294
[mil][epoch 1/2][batch 14400/33199] bags=57600 loss=0.2472
[mil][epoch 1/2][batch 14450/33199] bags=57800 loss=1.9853
[mil][epoch 1/2][batch 14500/33199] bags=58000 loss=1.1916
[mil][epoch 1/2][batch 14550/33199] bags=58200 loss=1.4441
[mil][epoch 1/2][batch 14600/33199] bags=58400 loss=0.3039
[mil][epoch 1/2][batch 14650/33199] bags=58600 loss=0.6233
[mil][epoch 1/2][batch 14700/33199] bags=58800 loss=0.5029
[mil][epoch 1/2][batch 14750/33199] bags=59000 loss=0.6912
[mil][epoch 1/2][batch 14800/33199] bags=59200 loss=1.0350
[mil][epoch 1/2][batch 14850/33199] bags=59400 loss=1.3719
[mil][epoch 1/2][batch 14900/33199] bags=59600 loss=1.2338
[mil][epoch 1/2][batch 14950/33199] bags=59800 loss=0.2675
[mil][epoch 1/2][batch 15000/33199] bags=60000 loss=0.6328
[mil] saved interval checkpoint global_step=60000
[mil][epoch 1/2][batch 15050/33199] bags=60200 loss=0.9390
[mil][epoch 1/2][batch 15100/33199] bags=60400 loss=1.1558
[mil][epoch 1/2][batch 15150/33199] bags=60600 loss=0.0949
[mil][epoch 1/2][batch 15200/33199] bags=60800 loss=0.6856
[mil][epoch 1/2][batch 15250/33199] bags=61000 loss=1.4938
[mil][epoch 1/2][batch 15300/33199] bags=61200 loss=0.0716
[mil][epoch 1/2][batch 15350/33199] bags=61400 loss=0.3911
[mil][epoch 1/2][batch 15400/33199] bags=61600 loss=0.3642
[mil][epoch 1/2][batch 15450/33199] bags=61800 loss=0.8954
[mil][epoch 1/2][batch 15500/33199] bags=62000 loss=1.6492
[mil][epoch 1/2][batch 15550/33199] bags=62200 loss=2.7866
[mil][epoch 1/2][batch 15600/33199] bags=62400 loss=0.9572
[mil][epoch 1/2][batch 15650/33199] bags=62600 loss=0.5456
[mil][epoch 1/2][batch 15700/33199] bags=62800 loss=0.1802
[mil][epoch 1/2][batch 15750/33199] bags=63000 loss=1.7433
[mil][epoch 1/2][batch 15800/33199] bags=63200 loss=1.2658
[mil][epoch 1/2][batch 15850/33199] bags=63400 loss=0.1939
[mil][epoch 1/2][batch 15900/33199] bags=63600 loss=0.4219
[mil][epoch 1/2][batch 15950/33199] bags=63800 loss=1.0776
[mil][epoch 1/2][batch 16000/33199] bags=64000 loss=0.5175
[mil] saved interval checkpoint global_step=64000
[mil][epoch 1/2][batch 16050/33199] bags=64200 loss=0.5399
[mil][epoch 1/2][batch 16100/33199] bags=64400 loss=0.0395
[mil][epoch 1/2][batch 16150/33199] bags=64600 loss=0.2893
[mil][epoch 1/2][batch 16200/33199] bags=64800 loss=0.6803
[mil][epoch 1/2][batch 16250/33199] bags=65000 loss=0.2605
[mil][epoch 1/2][batch 16300/33199] bags=65200 loss=0.8892
[mil][epoch 1/2][batch 16350/33199] bags=65400 loss=1.0092
[mil][epoch 1/2][batch 16400/33199] bags=65600 loss=2.3785
[mil][epoch 1/2][batch 16450/33199] bags=65800 loss=0.2493
[mil][epoch 1/2][batch 16500/33199] bags=66000 loss=0.5659
[mil][epoch 1/2][batch 16550/33199] bags=66200 loss=0.8089
[mil][epoch 1/2][batch 16600/33199] bags=66400 loss=1.2032
[mil][epoch 1/2][batch 16650/33199] bags=66600 loss=1.3955
[mil][epoch 1/2][batch 16700/33199] bags=66800 loss=0.5530
[mil][epoch 1/2][batch 16750/33199] bags=67000 loss=1.3184
[mil][epoch 1/2][batch 16800/33199] bags=67200 loss=0.6695
[mil][epoch 1/2][batch 16850/33199] bags=67400 loss=0.1092
[mil][epoch 1/2][batch 16900/33199] bags=67600 loss=0.1684
[mil][epoch 1/2][batch 16950/33199] bags=67800 loss=0.9129
[mil][epoch 1/2][batch 17000/33199] bags=68000 loss=0.1787
[mil] saved interval checkpoint global_step=68000
[mil][epoch 1/2][batch 17050/33199] bags=68200 loss=0.2913
[mil][epoch 1/2][batch 17100/33199] bags=68400 loss=1.2645
[mil][epoch 1/2][batch 17150/33199] bags=68600 loss=0.1503
[mil][epoch 1/2][batch 17200/33199] bags=68800 loss=0.1484
[mil][epoch 1/2][batch 17250/33199] bags=69000 loss=1.7621
[mil][epoch 1/2][batch 17300/33199] bags=69200 loss=0.1608
[mil][epoch 1/2][batch 17350/33199] bags=69400 loss=0.7689
[mil][epoch 1/2][batch 17400/33199] bags=69600 loss=1.0591
[mil][epoch 1/2][batch 17450/33199] bags=69800 loss=0.6989
[mil][epoch 1/2][batch 17500/33199] bags=70000 loss=0.2689
[mil][epoch 1/2][batch 17550/33199] bags=70200 loss=0.3158
[mil][epoch 1/2][batch 17600/33199] bags=70400 loss=0.6944
[mil][epoch 1/2][batch 17650/33199] bags=70600 loss=0.4007
[mil][epoch 1/2][batch 17700/33199] bags=70800 loss=0.3365
[mil][epoch 1/2][batch 17750/33199] bags=71000 loss=0.6654
[mil][epoch 1/2][batch 17800/33199] bags=71200 loss=1.7437
[mil][epoch 1/2][batch 17850/33199] bags=71400 loss=0.1600
[mil][epoch 1/2][batch 17900/33199] bags=71600 loss=0.0927
[mil][epoch 1/2][batch 17950/33199] bags=71800 loss=0.1380
[mil][epoch 1/2][batch 18000/33199] bags=72000 loss=0.2531
[mil] saved interval checkpoint global_step=72000
[mil][epoch 1/2][batch 18050/33199] bags=72200 loss=0.2725
[mil][epoch 1/2][batch 18100/33199] bags=72400 loss=1.6460
[mil][epoch 1/2][batch 18150/33199] bags=72600 loss=0.8640
[mil][epoch 1/2][batch 18200/33199] bags=72800 loss=0.3290
[mil][epoch 1/2][batch 18250/33199] bags=73000 loss=0.1085
[mil][epoch 1/2][batch 18300/33199] bags=73200 loss=0.3148
[mil][epoch 1/2][batch 18350/33199] bags=73400 loss=0.6013
[mil][epoch 1/2][batch 18400/33199] bags=73600 loss=0.3810
[mil][epoch 1/2][batch 18450/33199] bags=73800 loss=0.5274
[mil][epoch 1/2][batch 18500/33199] bags=74000 loss=0.7493
[mil][epoch 1/2][batch 18550/33199] bags=74200 loss=1.5327
[mil][epoch 1/2][batch 18600/33199] bags=74400 loss=0.3985
[mil][epoch 1/2][batch 18650/33199] bags=74600 loss=0.2373
[mil][epoch 1/2][batch 18700/33199] bags=74800 loss=0.5331
[mil][epoch 1/2][batch 18750/33199] bags=75000 loss=0.1838
[mil][epoch 1/2][batch 18800/33199] bags=75200 loss=0.4716
[mil][epoch 1/2][batch 18850/33199] bags=75400 loss=1.6734
[mil][epoch 1/2][batch 18900/33199] bags=75600 loss=0.0922
[mil][epoch 1/2][batch 18950/33199] bags=75800 loss=0.0790
[mil][epoch 1/2][batch 19000/33199] bags=76000 loss=0.1168
[mil] saved interval checkpoint global_step=76000
[mil][epoch 1/2][batch 19050/33199] bags=76200 loss=0.2466
[mil][epoch 1/2][batch 19100/33199] bags=76400 loss=0.8405
[mil][epoch 1/2][batch 19150/33199] bags=76600 loss=0.0523
[mil][epoch 1/2][batch 19200/33199] bags=76800 loss=0.6578
[mil][epoch 1/2][batch 19250/33199] bags=77000 loss=0.3607
[mil][epoch 1/2][batch 19300/33199] bags=77200 loss=0.1512
[mil][epoch 1/2][batch 19350/33199] bags=77400 loss=0.6357
[mil][epoch 1/2][batch 19400/33199] bags=77600 loss=0.4118
[mil][epoch 1/2][batch 19450/33199] bags=77800 loss=0.0447
[mil][epoch 1/2][batch 19500/33199] bags=78000 loss=0.2253
[mil][epoch 1/2][batch 19550/33199] bags=78200 loss=0.6281
[mil][epoch 1/2][batch 19600/33199] bags=78400 loss=0.3315
[mil][epoch 1/2][batch 19650/33199] bags=78600 loss=0.3711
[mil][epoch 1/2][batch 19700/33199] bags=78800 loss=0.2011
[mil][epoch 1/2][batch 19750/33199] bags=79000 loss=0.0357
[mil][epoch 1/2][batch 19800/33199] bags=79200 loss=1.1472
[mil][epoch 1/2][batch 19850/33199] bags=79400 loss=0.2625
[mil][epoch 1/2][batch 19900/33199] bags=79600 loss=0.0825
[mil][epoch 1/2][batch 19950/33199] bags=79800 loss=0.3610
[mil][epoch 1/2][batch 20000/33199] bags=80000 loss=0.1121
[mil] saved interval checkpoint global_step=80000
[mil][epoch 1/2][batch 20050/33199] bags=80200 loss=0.7161
[mil][epoch 1/2][batch 20100/33199] bags=80400 loss=1.2570
[mil][epoch 1/2][batch 20150/33199] bags=80600 loss=0.3198
[mil][epoch 1/2][batch 20200/33199] bags=80800 loss=1.8810
[mil][epoch 1/2][batch 20250/33199] bags=81000 loss=0.7733
[mil][epoch 1/2][batch 20300/33199] bags=81200 loss=1.2393
[mil][epoch 1/2][batch 20350/33199] bags=81400 loss=0.8984
[mil][epoch 1/2][batch 20400/33199] bags=81600 loss=0.0984
[mil][epoch 1/2][batch 20450/33199] bags=81800 loss=0.6309
[mil][epoch 1/2][batch 20500/33199] bags=82000 loss=0.8002
[mil][epoch 1/2][batch 20550/33199] bags=82200 loss=0.2650
[mil][epoch 1/2][batch 20600/33199] bags=82400 loss=0.5973
[mil][epoch 1/2][batch 20650/33199] bags=82600 loss=0.1321
[mil][epoch 1/2][batch 20700/33199] bags=82800 loss=1.3903
[mil][epoch 1/2][batch 20750/33199] bags=83000 loss=0.3876
[mil][epoch 1/2][batch 20800/33199] bags=83200 loss=1.2701
[mil][epoch 1/2][batch 20850/33199] bags=83400 loss=0.0382
[mil][epoch 1/2][batch 20900/33199] bags=83600 loss=0.5342
[mil][epoch 1/2][batch 20950/33199] bags=83800 loss=0.2595
[mil][epoch 1/2][batch 21000/33199] bags=84000 loss=0.5032
[mil] saved interval checkpoint global_step=84000
[mil][epoch 1/2][batch 21050/33199] bags=84200 loss=0.0953
[mil][epoch 1/2][batch 21100/33199] bags=84400 loss=0.3190
[mil][epoch 1/2][batch 21150/33199] bags=84600 loss=1.4083
[mil][epoch 1/2][batch 21200/33199] bags=84800 loss=1.0909
[mil][epoch 1/2][batch 21250/33199] bags=85000 loss=0.2033
[mil][epoch 1/2][batch 21300/33199] bags=85200 loss=0.5701
[mil][epoch 1/2][batch 21350/33199] bags=85400 loss=0.6016
[mil][epoch 1/2][batch 21400/33199] bags=85600 loss=1.0021
[mil][epoch 1/2][batch 21450/33199] bags=85800 loss=0.7412
[mil][epoch 1/2][batch 21500/33199] bags=86000 loss=0.1032
[mil][epoch 1/2][batch 21550/33199] bags=86200 loss=0.5288
[mil][epoch 1/2][batch 21600/33199] bags=86400 loss=0.1507
[mil][epoch 1/2][batch 21650/33199] bags=86600 loss=0.3277
[mil][epoch 1/2][batch 21700/33199] bags=86800 loss=0.2632
[mil][epoch 1/2][batch 21750/33199] bags=87000 loss=0.5794
[mil][epoch 1/2][batch 21800/33199] bags=87200 loss=0.8953
[mil][epoch 1/2][batch 21850/33199] bags=87400 loss=2.0606
[mil][epoch 1/2][batch 21900/33199] bags=87600 loss=0.3901
[mil][epoch 1/2][batch 21950/33199] bags=87800 loss=0.1647
[mil][epoch 1/2][batch 22000/33199] bags=88000 loss=0.4979
[mil] saved interval checkpoint global_step=88000
[mil][epoch 1/2][batch 22050/33199] bags=88200 loss=0.4827
[mil][epoch 1/2][batch 22100/33199] bags=88400 loss=0.3288
[mil][epoch 1/2][batch 22150/33199] bags=88600 loss=0.5864
[mil][epoch 1/2][batch 22200/33199] bags=88800 loss=0.3008
[mil][epoch 1/2][batch 22250/33199] bags=89000 loss=0.6773
[mil][epoch 1/2][batch 22300/33199] bags=89200 loss=1.6858
[mil][epoch 1/2][batch 22350/33199] bags=89400 loss=0.0404
[mil][epoch 1/2][batch 22400/33199] bags=89600 loss=0.1188
[mil][epoch 1/2][batch 22450/33199] bags=89800 loss=0.1247
[mil][epoch 1/2][batch 22500/33199] bags=90000 loss=0.4641
[mil][epoch 1/2][batch 22550/33199] bags=90200 loss=1.6356
[mil][epoch 1/2][batch 22600/33199] bags=90400 loss=0.9011
[mil][epoch 1/2][batch 22650/33199] bags=90600 loss=0.4473
[mil][epoch 1/2][batch 22700/33199] bags=90800 loss=0.4389
[mil][epoch 1/2][batch 22750/33199] bags=91000 loss=0.7545
[mil][epoch 1/2][batch 22800/33199] bags=91200 loss=0.8163
[mil][epoch 1/2][batch 22850/33199] bags=91400 loss=0.4194
[mil][epoch 1/2][batch 22900/33199] bags=91600 loss=0.0337
[mil][epoch 1/2][batch 22950/33199] bags=91800 loss=0.8173
[mil][epoch 1/2][batch 23000/33199] bags=92000 loss=0.0272
[mil] saved interval checkpoint global_step=92000
[mil][epoch 1/2][batch 23050/33199] bags=92200 loss=0.4034
[mil][epoch 1/2][batch 23100/33199] bags=92400 loss=0.6174
[mil][epoch 1/2][batch 23150/33199] bags=92600 loss=0.1173
[mil][epoch 1/2][batch 23200/33199] bags=92800 loss=1.8818
[mil][epoch 1/2][batch 23250/33199] bags=93000 loss=0.3850
[mil][epoch 1/2][batch 23300/33199] bags=93200 loss=0.4476
[mil][epoch 1/2][batch 23350/33199] bags=93400 loss=0.3304
[mil][epoch 1/2][batch 23400/33199] bags=93600 loss=0.5161
[mil][epoch 1/2][batch 23450/33199] bags=93800 loss=0.1573
[mil][epoch 1/2][batch 23500/33199] bags=94000 loss=0.3520
[mil][epoch 1/2][batch 23550/33199] bags=94200 loss=0.0535
[mil][epoch 1/2][batch 23600/33199] bags=94400 loss=0.3269
[mil][epoch 1/2][batch 23650/33199] bags=94600 loss=0.3168
[mil][epoch 1/2][batch 23700/33199] bags=94800 loss=0.6962
[mil][epoch 1/2][batch 23750/33199] bags=95000 loss=0.2291
[mil][epoch 1/2][batch 23800/33199] bags=95200 loss=0.1901
[mil][epoch 1/2][batch 23850/33199] bags=95400 loss=0.4632
[mil][epoch 1/2][batch 23900/33199] bags=95600 loss=0.4500
[mil][epoch 1/2][batch 23950/33199] bags=95800 loss=2.4782
[mil][epoch 1/2][batch 24000/33199] bags=96000 loss=0.4431
[mil] saved interval checkpoint global_step=96000
[mil][epoch 1/2][batch 24050/33199] bags=96200 loss=1.0064
[mil][epoch 1/2][batch 24100/33199] bags=96400 loss=0.1255
[mil][epoch 1/2][batch 24150/33199] bags=96600 loss=0.6133
[mil][epoch 1/2][batch 24200/33199] bags=96800 loss=0.0645
[mil][epoch 1/2][batch 24250/33199] bags=97000 loss=0.2865
[mil][epoch 1/2][batch 24300/33199] bags=97200 loss=0.6014
[mil][epoch 1/2][batch 24350/33199] bags=97400 loss=1.0847
[mil][epoch 1/2][batch 24400/33199] bags=97600 loss=1.4962
[mil][epoch 1/2][batch 24450/33199] bags=97800 loss=0.1061
[mil][epoch 1/2][batch 24500/33199] bags=98000 loss=0.4361
[mil][epoch 1/2][batch 24550/33199] bags=98200 loss=0.0494
[mil][epoch 1/2][batch 24600/33199] bags=98400 loss=1.4914
[mil][epoch 1/2][batch 24650/33199] bags=98600 loss=0.7616
[mil][epoch 1/2][batch 24700/33199] bags=98800 loss=1.3429
[mil][epoch 1/2][batch 24750/33199] bags=99000 loss=1.7493
[mil][epoch 1/2][batch 24800/33199] bags=99200 loss=0.3771
[mil][epoch 1/2][batch 24850/33199] bags=99400 loss=0.2986
[mil][epoch 1/2][batch 24900/33199] bags=99600 loss=0.3570
[mil][epoch 1/2][batch 24950/33199] bags=99800 loss=0.1265
[mil][epoch 1/2][batch 25000/33199] bags=100000 loss=0.3003
[mil] saved interval checkpoint global_step=100000
[mil][epoch 1/2][batch 25050/33199] bags=100200 loss=0.3641
[mil][epoch 1/2][batch 25100/33199] bags=100400 loss=0.4812
[mil][epoch 1/2][batch 25150/33199] bags=100600 loss=0.7515
[mil][epoch 1/2][batch 25200/33199] bags=100800 loss=0.2995
[mil][epoch 1/2][batch 25250/33199] bags=101000 loss=0.0405
[mil][epoch 1/2][batch 25300/33199] bags=101200 loss=0.7073
[mil][epoch 1/2][batch 25350/33199] bags=101400 loss=0.0368
[mil][epoch 1/2][batch 25400/33199] bags=101600 loss=1.3118
[mil][epoch 1/2][batch 25450/33199] bags=101800 loss=0.4966
[mil][epoch 1/2][batch 25500/33199] bags=102000 loss=0.0543
[mil][epoch 1/2][batch 25550/33199] bags=102200 loss=0.3594
[mil][epoch 1/2][batch 25600/33199] bags=102400 loss=0.6078
[mil][epoch 1/2][batch 25650/33199] bags=102600 loss=0.1292
[mil][epoch 1/2][batch 25700/33199] bags=102800 loss=0.0293
[mil][epoch 1/2][batch 25750/33199] bags=103000 loss=0.1157
[mil][epoch 1/2][batch 25800/33199] bags=103200 loss=0.2296
[mil][epoch 1/2][batch 25850/33199] bags=103400 loss=0.0857
[mil][epoch 1/2][batch 25900/33199] bags=103600 loss=0.6745
[mil][epoch 1/2][batch 25950/33199] bags=103800 loss=0.0499
[mil][epoch 1/2][batch 26000/33199] bags=104000 loss=0.6463
[mil] saved interval checkpoint global_step=104000
[mil][epoch 1/2][batch 26050/33199] bags=104200 loss=0.9569
[mil][epoch 1/2][batch 26100/33199] bags=104400 loss=0.8653
[mil][epoch 1/2][batch 26150/33199] bags=104600 loss=0.6474
[mil][epoch 1/2][batch 26200/33199] bags=104800 loss=0.5153
[mil][epoch 1/2][batch 26250/33199] bags=105000 loss=0.6096
[mil][epoch 1/2][batch 26300/33199] bags=105200 loss=1.8631
[mil][epoch 1/2][batch 26350/33199] bags=105400 loss=0.7682
[mil][epoch 1/2][batch 26400/33199] bags=105600 loss=0.0188
[mil][epoch 1/2][batch 26450/33199] bags=105800 loss=0.5839
[mil][epoch 1/2][batch 26500/33199] bags=106000 loss=0.1169
[mil][epoch 1/2][batch 26550/33199] bags=106200 loss=0.3186
[mil][epoch 1/2][batch 26600/33199] bags=106400 loss=0.2501
[mil][epoch 1/2][batch 26650/33199] bags=106600 loss=0.7756
[mil][epoch 1/2][batch 26700/33199] bags=106800 loss=0.3615
[mil][epoch 1/2][batch 26750/33199] bags=107000 loss=1.3679
[mil][epoch 1/2][batch 26800/33199] bags=107200 loss=0.7458
[mil][epoch 1/2][batch 26850/33199] bags=107400 loss=0.1208
[mil][epoch 1/2][batch 26900/33199] bags=107600 loss=0.6824
[mil][epoch 1/2][batch 26950/33199] bags=107800 loss=1.2192
[mil][epoch 1/2][batch 27000/33199] bags=108000 loss=0.2460
[mil] saved interval checkpoint global_step=108000
[mil][epoch 1/2][batch 27050/33199] bags=108200 loss=0.8944
[mil][epoch 1/2][batch 27100/33199] bags=108400 loss=1.5049
[mil][epoch 1/2][batch 27150/33199] bags=108600 loss=0.4616
[mil][epoch 1/2][batch 27200/33199] bags=108800 loss=0.1376
[mil][epoch 1/2][batch 27250/33199] bags=109000 loss=0.0130
[mil][epoch 1/2][batch 27300/33199] bags=109200 loss=0.5244
[mil][epoch 1/2][batch 27350/33199] bags=109400 loss=0.0112
[mil][epoch 1/2][batch 27400/33199] bags=109600 loss=0.7295
[mil][epoch 1/2][batch 27450/33199] bags=109800 loss=0.2825
[mil][epoch 1/2][batch 27500/33199] bags=110000 loss=0.2822
[mil][epoch 1/2][batch 27550/33199] bags=110200 loss=0.1121
[mil][epoch 1/2][batch 27600/33199] bags=110400 loss=1.0771
[mil][epoch 1/2][batch 27650/33199] bags=110600 loss=1.4044
[mil][epoch 1/2][batch 27700/33199] bags=110800 loss=0.2816
[mil][epoch 1/2][batch 27750/33199] bags=111000 loss=0.1971
[mil][epoch 1/2][batch 27800/33199] bags=111200 loss=1.5707
[mil][epoch 1/2][batch 27850/33199] bags=111400 loss=0.4025
[mil][epoch 1/2][batch 27900/33199] bags=111600 loss=0.4868
[mil][epoch 1/2][batch 27950/33199] bags=111800 loss=0.3801
[mil][epoch 1/2][batch 28000/33199] bags=112000 loss=0.0863
[mil] saved interval checkpoint global_step=112000
[mil][epoch 1/2][batch 28050/33199] bags=112200 loss=1.7528
[mil][epoch 1/2][batch 28100/33199] bags=112400 loss=0.2006
[mil][epoch 1/2][batch 28150/33199] bags=112600 loss=0.1561
[mil][epoch 1/2][batch 28200/33199] bags=112800 loss=0.5296
[mil][epoch 1/2][batch 28250/33199] bags=113000 loss=0.2731
[mil][epoch 1/2][batch 28300/33199] bags=113200 loss=0.1976
[mil][epoch 1/2][batch 28350/33199] bags=113400 loss=0.1593
[mil][epoch 1/2][batch 28400/33199] bags=113600 loss=0.8964
[mil][epoch 1/2][batch 28450/33199] bags=113800 loss=1.3336
[mil][epoch 1/2][batch 28500/33199] bags=114000 loss=0.4359
[mil][epoch 1/2][batch 28550/33199] bags=114200 loss=1.3143
[mil][epoch 1/2][batch 28600/33199] bags=114400 loss=0.4467
[mil][epoch 1/2][batch 28650/33199] bags=114600 loss=0.1956
[mil][epoch 1/2][batch 28700/33199] bags=114800 loss=0.5225
[mil][epoch 1/2][batch 28750/33199] bags=115000 loss=1.0030
[mil][epoch 1/2][batch 28800/33199] bags=115200 loss=0.2132
[mil][epoch 1/2][batch 28850/33199] bags=115400 loss=0.3487
[mil][epoch 1/2][batch 28900/33199] bags=115600 loss=1.6339
[mil][epoch 1/2][batch 28950/33199] bags=115800 loss=0.1994
[mil][epoch 1/2][batch 29000/33199] bags=116000 loss=1.4995
[mil] saved interval checkpoint global_step=116000
[mil][epoch 1/2][batch 29050/33199] bags=116200 loss=0.3387
[mil][epoch 1/2][batch 29100/33199] bags=116400 loss=0.6970
[mil][epoch 1/2][batch 29150/33199] bags=116600 loss=0.8644
[mil][epoch 1/2][batch 29200/33199] bags=116800 loss=2.1390
[mil][epoch 1/2][batch 29250/33199] bags=117000 loss=0.1118
[mil][epoch 1/2][batch 29300/33199] bags=117200 loss=1.0334
[mil][epoch 1/2][batch 29350/33199] bags=117400 loss=0.1422
[mil][epoch 1/2][batch 29400/33199] bags=117600 loss=0.1928
[mil][epoch 1/2][batch 29450/33199] bags=117800 loss=0.2551
[mil][epoch 1/2][batch 29500/33199] bags=118000 loss=0.1433
[mil][epoch 1/2][batch 29550/33199] bags=118200 loss=0.8000
[mil][epoch 1/2][batch 29600/33199] bags=118400 loss=2.1367
[mil][epoch 1/2][batch 29650/33199] bags=118600 loss=0.0286
[mil][epoch 1/2][batch 29700/33199] bags=118800 loss=0.8064
[mil][epoch 1/2][batch 29750/33199] bags=119000 loss=1.5945
[mil][epoch 1/2][batch 29800/33199] bags=119200 loss=0.1992
[mil][epoch 1/2][batch 29850/33199] bags=119400 loss=0.9986
[mil][epoch 1/2][batch 29900/33199] bags=119600 loss=1.1328
[mil][epoch 1/2][batch 29950/33199] bags=119800 loss=0.4065
[mil][epoch 1/2][batch 30000/33199] bags=120000 loss=0.2957
[mil] saved interval checkpoint global_step=120000
[mil][epoch 1/2][batch 30050/33199] bags=120200 loss=0.5265
[mil][epoch 1/2][batch 30100/33199] bags=120400 loss=0.1871
[mil][epoch 1/2][batch 30150/33199] bags=120600 loss=0.6860
[mil][epoch 1/2][batch 30200/33199] bags=120800 loss=0.1535
[mil][epoch 1/2][batch 30250/33199] bags=121000 loss=0.8476
[mil][epoch 1/2][batch 30300/33199] bags=121200 loss=0.5124
[mil][epoch 1/2][batch 30350/33199] bags=121400 loss=0.4872
[mil][epoch 1/2][batch 30400/33199] bags=121600 loss=1.2606
[mil][epoch 1/2][batch 30450/33199] bags=121800 loss=3.0397
[mil][epoch 1/2][batch 30500/33199] bags=122000 loss=0.0948
[mil][epoch 1/2][batch 30550/33199] bags=122200 loss=0.1868
[mil][epoch 1/2][batch 30600/33199] bags=122400 loss=0.8265
[mil][epoch 1/2][batch 30650/33199] bags=122600 loss=1.1010
[mil][epoch 1/2][batch 30700/33199] bags=122800 loss=0.9710
[mil][epoch 1/2][batch 30750/33199] bags=123000 loss=0.2229
[mil][epoch 1/2][batch 30800/33199] bags=123200 loss=0.1817
[mil][epoch 1/2][batch 30850/33199] bags=123400 loss=0.4533
[mil][epoch 1/2][batch 30900/33199] bags=123600 loss=0.1222
[mil][epoch 1/2][batch 30950/33199] bags=123800 loss=1.3361
[mil][epoch 1/2][batch 31000/33199] bags=124000 loss=0.3794
[mil] saved interval checkpoint global_step=124000
[mil][epoch 1/2][batch 31050/33199] bags=124200 loss=0.7737
[mil][epoch 1/2][batch 31100/33199] bags=124400 loss=1.3849
[mil][epoch 1/2][batch 31150/33199] bags=124600 loss=0.2574
[mil][epoch 1/2][batch 31200/33199] bags=124800 loss=0.2890
[mil][epoch 1/2][batch 31250/33199] bags=125000 loss=1.3621
[mil][epoch 1/2][batch 31300/33199] bags=125200 loss=0.0361
[mil][epoch 1/2][batch 31350/33199] bags=125400 loss=0.0421
[mil][epoch 1/2][batch 31400/33199] bags=125600 loss=1.6447
[mil][epoch 1/2][batch 31450/33199] bags=125800 loss=0.1814
[mil][epoch 1/2][batch 31500/33199] bags=126000 loss=0.2089
[mil][epoch 1/2][batch 31550/33199] bags=126200 loss=0.6103
[mil][epoch 1/2][batch 31600/33199] bags=126400 loss=1.5265
[mil][epoch 1/2][batch 31650/33199] bags=126600 loss=0.6635
[mil][epoch 1/2][batch 31700/33199] bags=126800 loss=0.2862
[mil][epoch 1/2][batch 31750/33199] bags=127000 loss=0.7277
[mil][epoch 1/2][batch 31800/33199] bags=127200 loss=0.2538
[mil][epoch 1/2][batch 31850/33199] bags=127400 loss=0.1957
[mil][epoch 1/2][batch 31900/33199] bags=127600 loss=0.5057
[mil][epoch 1/2][batch 31950/33199] bags=127800 loss=0.5931
[mil][epoch 1/2][batch 32000/33199] bags=128000 loss=0.1596
[mil] saved interval checkpoint global_step=128000
[mil][epoch 1/2][batch 32050/33199] bags=128200 loss=0.3881
[mil][epoch 1/2][batch 32100/33199] bags=128400 loss=0.4411
[mil][epoch 1/2][batch 32150/33199] bags=128600 loss=0.6637
[mil][epoch 1/2][batch 32200/33199] bags=128800 loss=0.5332
[mil][epoch 1/2][batch 32250/33199] bags=129000 loss=0.2860
[mil][epoch 1/2][batch 32300/33199] bags=129200 loss=0.2859
[mil][epoch 1/2][batch 32350/33199] bags=129400 loss=0.0547
[mil][epoch 1/2][batch 32400/33199] bags=129600 loss=0.0031
[mil][epoch 1/2][batch 32450/33199] bags=129800 loss=0.2255
[mil][epoch 1/2][batch 32500/33199] bags=130000 loss=0.6893
[mil][epoch 1/2][batch 32550/33199] bags=130200 loss=0.1663
[mil][epoch 1/2][batch 32600/33199] bags=130400 loss=0.9269
[mil][epoch 1/2][batch 32650/33199] bags=130600 loss=0.0721
[mil][epoch 1/2][batch 32700/33199] bags=130800 loss=0.2077
[mil][epoch 1/2][batch 32750/33199] bags=131000 loss=0.3223
[mil][epoch 1/2][batch 32800/33199] bags=131200 loss=1.9086
[mil][epoch 1/2][batch 32850/33199] bags=131400 loss=0.2568
[mil][epoch 1/2][batch 32900/33199] bags=131600 loss=0.8690
[mil][epoch 1/2][batch 32950/33199] bags=131800 loss=0.7674
[mil][epoch 1/2][batch 33000/33199] bags=132000 loss=0.5253
[mil] saved interval checkpoint global_step=132000
[mil][epoch 1/2][batch 33050/33199] bags=132200 loss=0.5203
[mil][epoch 1/2][batch 33100/33199] bags=132400 loss=0.3208
[mil][epoch 1/2][batch 33150/33199] bags=132600 loss=0.7387
[mil][epoch 1/2][batch 33199/33199] bags=132793 loss=0.0157
[mil][epoch 1][val][batch 1/190] bags=4
[mil][epoch 1][val][batch 50/190] bags=200
[mil][epoch 1][val][batch 100/190] bags=400
[mil][epoch 1][val][batch 150/190] bags=600
[mil][epoch 1][val][batch 190/190] bags=760
[mil][epoch 1/2] train_loss=0.6335 train_f1=0.7873 val_loss=1.1071 val_f1=0.6794
[mil][epoch 2/2][batch 1/33199] bags=4 loss=0.3047
[mil][epoch 2/2][batch 50/33199] bags=200 loss=0.2649
[mil][epoch 2/2][batch 100/33199] bags=400 loss=0.8474
[mil][epoch 2/2][batch 150/33199] bags=600 loss=0.4974
[mil][epoch 2/2][batch 200/33199] bags=800 loss=0.6298
[mil][epoch 2/2][batch 250/33199] bags=1000 loss=0.5385
[mil][epoch 2/2][batch 300/33199] bags=1200 loss=0.1733
[mil][epoch 2/2][batch 350/33199] bags=1400 loss=0.1835
[mil][epoch 2/2][batch 400/33199] bags=1600 loss=1.4416
[mil][epoch 2/2][batch 450/33199] bags=1800 loss=1.8191
[mil][epoch 2/2][batch 500/33199] bags=2000 loss=0.1666
[mil][epoch 2/2][batch 550/33199] bags=2200 loss=0.3675
[mil][epoch 2/2][batch 600/33199] bags=2400 loss=0.4991
[mil][epoch 2/2][batch 650/33199] bags=2600 loss=0.3829
[mil][epoch 2/2][batch 700/33199] bags=2800 loss=0.9304
[mil][epoch 2/2][batch 750/33199] bags=3000 loss=2.3231
[mil][epoch 2/2][batch 800/33199] bags=3200 loss=1.5276
[mil] saved interval checkpoint global_step=136001
[mil][epoch 2/2][batch 850/33199] bags=3400 loss=0.0527
[mil][epoch 2/2][batch 900/33199] bags=3600 loss=0.1671
[mil][epoch 2/2][batch 950/33199] bags=3800 loss=1.4085
[mil][epoch 2/2][batch 1000/33199] bags=4000 loss=0.1786
[mil][epoch 2/2][batch 1050/33199] bags=4200 loss=0.3635
[mil][epoch 2/2][batch 1100/33199] bags=4400 loss=0.3259
[mil][epoch 2/2][batch 1150/33199] bags=4600 loss=0.1660
[mil][epoch 2/2][batch 1200/33199] bags=4800 loss=1.2160
[mil][epoch 2/2][batch 1250/33199] bags=5000 loss=3.1928
[mil][epoch 2/2][batch 1300/33199] bags=5200 loss=0.1112
[mil][epoch 2/2][batch 1350/33199] bags=5400 loss=0.5436
[mil][epoch 2/2][batch 1400/33199] bags=5600 loss=0.4107
[mil][epoch 2/2][batch 1450/33199] bags=5800 loss=1.3776
[mil][epoch 2/2][batch 1500/33199] bags=6000 loss=0.5535
[mil][epoch 2/2][batch 1550/33199] bags=6200 loss=0.3388
[mil][epoch 2/2][batch 1600/33199] bags=6400 loss=1.9241
[mil][epoch 2/2][batch 1650/33199] bags=6600 loss=0.0322
[mil][epoch 2/2][batch 1700/33199] bags=6800 loss=0.5063
[mil][epoch 2/2][batch 1750/33199] bags=7000 loss=0.5007
[mil][epoch 2/2][batch 1800/33199] bags=7200 loss=0.1903
[mil] saved interval checkpoint global_step=140001
[mil][epoch 2/2][batch 1850/33199] bags=7400 loss=2.7525
[mil][epoch 2/2][batch 1900/33199] bags=7600 loss=0.5935
[mil][epoch 2/2][batch 1950/33199] bags=7800 loss=0.4926
[mil][epoch 2/2][batch 2000/33199] bags=8000 loss=0.4217
[mil][epoch 2/2][batch 2050/33199] bags=8200 loss=0.4419
[mil][epoch 2/2][batch 2100/33199] bags=8400 loss=0.4320
[mil][epoch 2/2][batch 2150/33199] bags=8600 loss=1.2461
[mil][epoch 2/2][batch 2200/33199] bags=8800 loss=0.3635
[mil][epoch 2/2][batch 2250/33199] bags=9000 loss=0.2575
[mil][epoch 2/2][batch 2300/33199] bags=9200 loss=0.5934
[mil][epoch 2/2][batch 2350/33199] bags=9400 loss=0.0343
[mil][epoch 2/2][batch 2400/33199] bags=9600 loss=0.2993
[mil][epoch 2/2][batch 2450/33199] bags=9800 loss=0.6684
[mil][epoch 2/2][batch 2500/33199] bags=10000 loss=1.9634
[mil][epoch 2/2][batch 2550/33199] bags=10200 loss=1.2743
[mil][epoch 2/2][batch 2600/33199] bags=10400 loss=0.2410
[mil][epoch 2/2][batch 2650/33199] bags=10600 loss=0.4925
[mil][epoch 2/2][batch 2700/33199] bags=10800 loss=0.3316
[mil][epoch 2/2][batch 2750/33199] bags=11000 loss=1.1780
[mil][epoch 2/2][batch 2800/33199] bags=11200 loss=0.7277
[mil] saved interval checkpoint global_step=144001
[mil][epoch 2/2][batch 2850/33199] bags=11400 loss=0.8864
[mil][epoch 2/2][batch 2900/33199] bags=11600 loss=0.1422
[mil][epoch 2/2][batch 2950/33199] bags=11800 loss=0.3333
[mil][epoch 2/2][batch 3000/33199] bags=12000 loss=2.9283
[mil][epoch 2/2][batch 3050/33199] bags=12200 loss=0.2221
[mil][epoch 2/2][batch 3100/33199] bags=12400 loss=0.1845
[mil][epoch 2/2][batch 3150/33199] bags=12600 loss=0.6137
[mil][epoch 2/2][batch 3200/33199] bags=12800 loss=0.2406
[mil][epoch 2/2][batch 3250/33199] bags=13000 loss=0.0860
[mil][epoch 2/2][batch 3300/33199] bags=13200 loss=0.4811
[mil][epoch 2/2][batch 3350/33199] bags=13400 loss=0.8257
[mil][epoch 2/2][batch 3400/33199] bags=13600 loss=1.1069
[mil][epoch 2/2][batch 3450/33199] bags=13800 loss=0.3111
[mil][epoch 2/2][batch 3500/33199] bags=14000 loss=0.1101
[mil][epoch 2/2][batch 3550/33199] bags=14200 loss=0.2800
[mil][epoch 2/2][batch 3600/33199] bags=14400 loss=0.1926
[mil][epoch 2/2][batch 3650/33199] bags=14600 loss=0.4705
[mil][epoch 2/2][batch 3700/33199] bags=14800 loss=0.2649
[mil][epoch 2/2][batch 3750/33199] bags=15000 loss=0.3722
[mil][epoch 2/2][batch 3800/33199] bags=15200 loss=0.6884
[mil] saved interval checkpoint global_step=148001
[mil][epoch 2/2][batch 3850/33199] bags=15400 loss=0.0512
[mil][epoch 2/2][batch 3900/33199] bags=15600 loss=0.2010
[mil][epoch 2/2][batch 3950/33199] bags=15800 loss=0.0960
[mil][epoch 2/2][batch 4000/33199] bags=16000 loss=0.0676
[mil][epoch 2/2][batch 4050/33199] bags=16200 loss=0.1451
[mil][epoch 2/2][batch 4100/33199] bags=16400 loss=0.2596
[mil][epoch 2/2][batch 4150/33199] bags=16600 loss=0.5908
[mil][epoch 2/2][batch 4200/33199] bags=16800 loss=0.2418
[mil][epoch 2/2][batch 4250/33199] bags=17000 loss=1.1323
[mil][epoch 2/2][batch 4300/33199] bags=17200 loss=0.0942
[mil][epoch 2/2][batch 4350/33199] bags=17400 loss=0.5724
[mil][epoch 2/2][batch 4400/33199] bags=17600 loss=0.0269
[mil][epoch 2/2][batch 4450/33199] bags=17800 loss=0.1236
[mil][epoch 2/2][batch 4500/33199] bags=18000 loss=2.3366
[mil][epoch 2/2][batch 4550/33199] bags=18200 loss=0.6960
[mil][epoch 2/2][batch 4600/33199] bags=18400 loss=0.2179
[mil][epoch 2/2][batch 4650/33199] bags=18600 loss=0.0958
[mil][epoch 2/2][batch 4700/33199] bags=18800 loss=0.2446
[mil][epoch 2/2][batch 4750/33199] bags=19000 loss=0.1803
[mil][epoch 2/2][batch 4800/33199] bags=19200 loss=0.0535
[mil] saved interval checkpoint global_step=152001
[mil][epoch 2/2][batch 4850/33199] bags=19400 loss=0.5219
[mil][epoch 2/2][batch 4900/33199] bags=19600 loss=0.9936
[mil][epoch 2/2][batch 4950/33199] bags=19800 loss=0.0735
[mil][epoch 2/2][batch 5000/33199] bags=20000 loss=0.2299
[mil][epoch 2/2][batch 5050/33199] bags=20200 loss=0.6908
[mil][epoch 2/2][batch 5100/33199] bags=20400 loss=0.5424
[mil][epoch 2/2][batch 5150/33199] bags=20600 loss=0.0235
[mil][epoch 2/2][batch 5200/33199] bags=20800 loss=0.3224
[mil][epoch 2/2][batch 5250/33199] bags=21000 loss=0.3023
[mil][epoch 2/2][batch 5300/33199] bags=21200 loss=0.0352
[mil][epoch 2/2][batch 5350/33199] bags=21400 loss=0.2225
[mil][epoch 2/2][batch 5400/33199] bags=21600 loss=0.8813
[mil][epoch 2/2][batch 5450/33199] bags=21800 loss=0.0454
[mil][epoch 2/2][batch 5500/33199] bags=22000 loss=0.5676
[mil][epoch 2/2][batch 5550/33199] bags=22200 loss=0.6164
[mil][epoch 2/2][batch 5600/33199] bags=22400 loss=0.5853
[mil][epoch 2/2][batch 5650/33199] bags=22600 loss=0.6830
[mil][epoch 2/2][batch 5700/33199] bags=22800 loss=0.2140
[mil][epoch 2/2][batch 5750/33199] bags=23000 loss=0.2704
[mil][epoch 2/2][batch 5800/33199] bags=23200 loss=0.1566
[mil] saved interval checkpoint global_step=156001
[mil][epoch 2/2][batch 5850/33199] bags=23400 loss=0.8054
[mil][epoch 2/2][batch 5900/33199] bags=23600 loss=0.0794
[mil][epoch 2/2][batch 5950/33199] bags=23800 loss=0.0879
[mil][epoch 2/2][batch 6000/33199] bags=24000 loss=0.0038
[mil][epoch 2/2][batch 6050/33199] bags=24200 loss=0.3079
[mil][epoch 2/2][batch 6100/33199] bags=24400 loss=0.0513
[mil][epoch 2/2][batch 6150/33199] bags=24600 loss=0.1060
[mil][epoch 2/2][batch 6200/33199] bags=24800 loss=0.3543
[mil][epoch 2/2][batch 6250/33199] bags=25000 loss=0.0308
[mil][epoch 2/2][batch 6300/33199] bags=25200 loss=1.3573
[mil][epoch 2/2][batch 6350/33199] bags=25400 loss=0.0930
[mil][epoch 2/2][batch 6400/33199] bags=25600 loss=0.0383
[mil][epoch 2/2][batch 6450/33199] bags=25800 loss=0.7008
[mil][epoch 2/2][batch 6500/33199] bags=26000 loss=0.9592
[mil][epoch 2/2][batch 6550/33199] bags=26200 loss=1.2176
[mil][epoch 2/2][batch 6600/33199] bags=26400 loss=0.9645
[mil][epoch 2/2][batch 6650/33199] bags=26600 loss=0.6516
[mil][epoch 2/2][batch 6700/33199] bags=26800 loss=0.0109
[mil][epoch 2/2][batch 6750/33199] bags=27000 loss=0.4798
[mil][epoch 2/2][batch 6800/33199] bags=27200 loss=0.0814
[mil] saved interval checkpoint global_step=160001
[mil][epoch 2/2][batch 6850/33199] bags=27400 loss=0.7336
[mil][epoch 2/2][batch 6900/33199] bags=27600 loss=0.8307
[mil][epoch 2/2][batch 6950/33199] bags=27800 loss=1.1760
[mil][epoch 2/2][batch 7000/33199] bags=28000 loss=0.4620
[mil][epoch 2/2][batch 7050/33199] bags=28200 loss=0.7834
[mil][epoch 2/2][batch 7100/33199] bags=28400 loss=0.1703
[mil][epoch 2/2][batch 7150/33199] bags=28600 loss=0.2253
[mil][epoch 2/2][batch 7200/33199] bags=28800 loss=0.1426
[mil][epoch 2/2][batch 7250/33199] bags=29000 loss=1.7847
[mil][epoch 2/2][batch 7300/33199] bags=29200 loss=0.4084
[mil][epoch 2/2][batch 7350/33199] bags=29400 loss=0.4742
[mil][epoch 2/2][batch 7400/33199] bags=29600 loss=0.7993
[mil][epoch 2/2][batch 7450/33199] bags=29800 loss=0.3016
[mil][epoch 2/2][batch 7500/33199] bags=30000 loss=0.9571
[mil][epoch 2/2][batch 7550/33199] bags=30200 loss=0.5771
[mil][epoch 2/2][batch 7600/33199] bags=30400 loss=1.1092
[mil][epoch 2/2][batch 7650/33199] bags=30600 loss=0.0666
[mil][epoch 2/2][batch 7700/33199] bags=30800 loss=0.2156
[mil][epoch 2/2][batch 7750/33199] bags=31000 loss=0.2727
[mil][epoch 2/2][batch 7800/33199] bags=31200 loss=0.3432
[mil] saved interval checkpoint global_step=164001
[mil][epoch 2/2][batch 7850/33199] bags=31400 loss=0.5891
[mil][epoch 2/2][batch 7900/33199] bags=31600 loss=0.2116
[mil][epoch 2/2][batch 7950/33199] bags=31800 loss=0.1181
[mil][epoch 2/2][batch 8000/33199] bags=32000 loss=1.2401
[mil][epoch 2/2][batch 8050/33199] bags=32200 loss=0.9671
[mil][epoch 2/2][batch 8100/33199] bags=32400 loss=0.0354
[mil][epoch 2/2][batch 8150/33199] bags=32600 loss=0.9668
[mil][epoch 2/2][batch 8200/33199] bags=32800 loss=0.0729
[mil][epoch 2/2][batch 8250/33199] bags=33000 loss=0.7928
[mil][epoch 2/2][batch 8300/33199] bags=33200 loss=0.8734
[mil][epoch 2/2][batch 8350/33199] bags=33400 loss=0.3319
[mil][epoch 2/2][batch 8400/33199] bags=33600 loss=0.2258
[mil][epoch 2/2][batch 8450/33199] bags=33800 loss=0.0978
[mil][epoch 2/2][batch 8500/33199] bags=34000 loss=0.4770
[mil][epoch 2/2][batch 8550/33199] bags=34200 loss=0.4974
[mil][epoch 2/2][batch 8600/33199] bags=34400 loss=0.4776
[mil][epoch 2/2][batch 8650/33199] bags=34600 loss=0.0558
[mil][epoch 2/2][batch 8700/33199] bags=34800 loss=0.2455
[mil][epoch 2/2][batch 8750/33199] bags=35000 loss=0.3349
[mil][epoch 2/2][batch 8800/33199] bags=35200 loss=0.0142
[mil] saved interval checkpoint global_step=168001
[mil][epoch 2/2][batch 8850/33199] bags=35400 loss=0.8304
[mil][epoch 2/2][batch 8900/33199] bags=35600 loss=0.1482
[mil][epoch 2/2][batch 8950/33199] bags=35800 loss=0.0955
[mil][epoch 2/2][batch 9000/33199] bags=36000 loss=1.1187
[mil][epoch 2/2][batch 9050/33199] bags=36200 loss=0.0651
[mil][epoch 2/2][batch 9100/33199] bags=36400 loss=0.0978
[mil][epoch 2/2][batch 9150/33199] bags=36600 loss=0.3073
[mil][epoch 2/2][batch 9200/33199] bags=36800 loss=0.2332
[mil][epoch 2/2][batch 9250/33199] bags=37000 loss=0.2025
[mil][epoch 2/2][batch 9300/33199] bags=37200 loss=0.7021
[mil][epoch 2/2][batch 9350/33199] bags=37400 loss=1.7407
[mil][epoch 2/2][batch 9400/33199] bags=37600 loss=0.3957
[mil][epoch 2/2][batch 9450/33199] bags=37800 loss=0.8573
[mil][epoch 2/2][batch 9500/33199] bags=38000 loss=0.7917
[mil][epoch 2/2][batch 9550/33199] bags=38200 loss=0.9711
[mil][epoch 2/2][batch 9600/33199] bags=38400 loss=0.1165
[mil][epoch 2/2][batch 9650/33199] bags=38600 loss=0.3098
[mil][epoch 2/2][batch 9700/33199] bags=38800 loss=1.1398
[mil][epoch 2/2][batch 9750/33199] bags=39000 loss=0.3521
[mil][epoch 2/2][batch 9800/33199] bags=39200 loss=0.2545
[mil] saved interval checkpoint global_step=172001
[mil][epoch 2/2][batch 9850/33199] bags=39400 loss=0.2618
[mil][epoch 2/2][batch 9900/33199] bags=39600 loss=0.7850
[mil][epoch 2/2][batch 9950/33199] bags=39800 loss=0.1824
[mil][epoch 2/2][batch 10000/33199] bags=40000 loss=0.5841
[mil][epoch 2/2][batch 10050/33199] bags=40200 loss=1.3375
[mil][epoch 2/2][batch 10100/33199] bags=40400 loss=0.1297
[mil][epoch 2/2][batch 10150/33199] bags=40600 loss=0.3427
[mil][epoch 2/2][batch 10200/33199] bags=40800 loss=1.4610
[mil][epoch 2/2][batch 10250/33199] bags=41000 loss=0.5589
[mil][epoch 2/2][batch 10300/33199] bags=41200 loss=0.1773
[mil][epoch 2/2][batch 10350/33199] bags=41400 loss=0.0194
[mil][epoch 2/2][batch 10400/33199] bags=41600 loss=0.5366
[mil][epoch 2/2][batch 10450/33199] bags=41800 loss=0.1901
[mil][epoch 2/2][batch 10500/33199] bags=42000 loss=0.6054
[mil][epoch 2/2][batch 10550/33199] bags=42200 loss=0.0989
[mil][epoch 2/2][batch 10600/33199] bags=42400 loss=0.7497
[mil][epoch 2/2][batch 10650/33199] bags=42600 loss=0.1497
[mil][epoch 2/2][batch 10700/33199] bags=42800 loss=0.8574
[mil][epoch 2/2][batch 10750/33199] bags=43000 loss=1.3844
[mil][epoch 2/2][batch 10800/33199] bags=43200 loss=0.3863
[mil] saved interval checkpoint global_step=176001
[mil][epoch 2/2][batch 10850/33199] bags=43400 loss=0.5260
[mil][epoch 2/2][batch 10900/33199] bags=43600 loss=0.6508
[mil][epoch 2/2][batch 10950/33199] bags=43800 loss=0.8421
[mil][epoch 2/2][batch 11000/33199] bags=44000 loss=0.0582
[mil][epoch 2/2][batch 11050/33199] bags=44200 loss=0.1674
[mil][epoch 2/2][batch 11100/33199] bags=44400 loss=0.6235
[mil][epoch 2/2][batch 11150/33199] bags=44600 loss=0.2195
[mil][epoch 2/2][batch 11200/33199] bags=44800 loss=1.5121
[mil][epoch 2/2][batch 11250/33199] bags=45000 loss=0.2220
[mil][epoch 2/2][batch 11300/33199] bags=45200 loss=1.1944
[mil][epoch 2/2][batch 11350/33199] bags=45400 loss=0.1442
[mil][epoch 2/2][batch 11400/33199] bags=45600 loss=0.4422
[mil][epoch 2/2][batch 11450/33199] bags=45800 loss=0.1987
[mil][epoch 2/2][batch 11500/33199] bags=46000 loss=0.1359
[mil][epoch 2/2][batch 11550/33199] bags=46200 loss=0.2678
[mil][epoch 2/2][batch 11600/33199] bags=46400 loss=0.4299
[mil][epoch 2/2][batch 11650/33199] bags=46600 loss=0.9160
[mil][epoch 2/2][batch 11700/33199] bags=46800 loss=0.9054
[mil][epoch 2/2][batch 11750/33199] bags=47000 loss=1.3609
[mil][epoch 2/2][batch 11800/33199] bags=47200 loss=0.0807
[mil] saved interval checkpoint global_step=180001
[mil][epoch 2/2][batch 11850/33199] bags=47400 loss=0.1507
[mil][epoch 2/2][batch 11900/33199] bags=47600 loss=0.3329
[mil][epoch 2/2][batch 11950/33199] bags=47800 loss=0.1299
[mil][epoch 2/2][batch 12000/33199] bags=48000 loss=0.7711
[mil][epoch 2/2][batch 12050/33199] bags=48200 loss=0.2303
[mil][epoch 2/2][batch 12100/33199] bags=48400 loss=0.3383
[mil][epoch 2/2][batch 12150/33199] bags=48600 loss=0.4686
[mil][epoch 2/2][batch 12200/33199] bags=48800 loss=0.0779
[mil][epoch 2/2][batch 12250/33199] bags=49000 loss=0.1877
[mil][epoch 2/2][batch 12300/33199] bags=49200 loss=0.5500
[mil][epoch 2/2][batch 12350/33199] bags=49400 loss=0.0168
[mil][epoch 2/2][batch 12400/33199] bags=49600 loss=1.2642
[mil][epoch 2/2][batch 12450/33199] bags=49800 loss=0.2658
[mil][epoch 2/2][batch 12500/33199] bags=50000 loss=1.7986
[mil][epoch 2/2][batch 12550/33199] bags=50200 loss=0.5333
[mil][epoch 2/2][batch 12600/33199] bags=50400 loss=0.4349
[mil][epoch 2/2][batch 12650/33199] bags=50600 loss=1.2071
[mil][epoch 2/2][batch 12700/33199] bags=50800 loss=0.6662
[mil][epoch 2/2][batch 12750/33199] bags=51000 loss=0.1957
[mil][epoch 2/2][batch 12800/33199] bags=51200 loss=0.2959
[mil] saved interval checkpoint global_step=184001
[mil][epoch 2/2][batch 12850/33199] bags=51400 loss=0.2687
[mil][epoch 2/2][batch 12900/33199] bags=51600 loss=0.3307
[mil][epoch 2/2][batch 12950/33199] bags=51800 loss=1.7830
[mil][epoch 2/2][batch 13000/33199] bags=52000 loss=0.7742
[mil][epoch 2/2][batch 13050/33199] bags=52200 loss=0.8907
[mil][epoch 2/2][batch 13100/33199] bags=52400 loss=0.5688
[mil][epoch 2/2][batch 13150/33199] bags=52600 loss=0.1460
[mil][epoch 2/2][batch 13200/33199] bags=52800 loss=0.1244
[mil][epoch 2/2][batch 13250/33199] bags=53000 loss=0.0277
[mil][epoch 2/2][batch 13300/33199] bags=53200 loss=0.3657
[mil][epoch 2/2][batch 13350/33199] bags=53400 loss=0.3011
[mil][epoch 2/2][batch 13400/33199] bags=53600 loss=0.0299
[mil][epoch 2/2][batch 13450/33199] bags=53800 loss=0.4463
[mil][epoch 2/2][batch 13500/33199] bags=54000 loss=0.0087
[mil][epoch 2/2][batch 13550/33199] bags=54200 loss=0.0044
[mil][epoch 2/2][batch 13600/33199] bags=54400 loss=0.0919
[mil][epoch 2/2][batch 13650/33199] bags=54600 loss=0.9205
[mil][epoch 2/2][batch 13700/33199] bags=54800 loss=1.3984
[mil][epoch 2/2][batch 13750/33199] bags=55000 loss=0.9919
[mil][epoch 2/2][batch 13800/33199] bags=55200 loss=0.3506
[mil] saved interval checkpoint global_step=188001
[mil][epoch 2/2][batch 13850/33199] bags=55400 loss=0.1182
[mil][epoch 2/2][batch 13900/33199] bags=55600 loss=0.7979
[mil][epoch 2/2][batch 13950/33199] bags=55800 loss=0.4370
[mil][epoch 2/2][batch 14000/33199] bags=56000 loss=2.1703
[mil][epoch 2/2][batch 14050/33199] bags=56200 loss=0.2801
[mil][epoch 2/2][batch 14100/33199] bags=56400 loss=0.1243
[mil][epoch 2/2][batch 14150/33199] bags=56600 loss=0.3368
[mil][epoch 2/2][batch 14200/33199] bags=56800 loss=0.6472
[mil][epoch 2/2][batch 14250/33199] bags=57000 loss=0.4680
[mil][epoch 2/2][batch 14300/33199] bags=57200 loss=1.1752
[mil][epoch 2/2][batch 14350/33199] bags=57400 loss=0.6274
[mil][epoch 2/2][batch 14400/33199] bags=57600 loss=0.5585
[mil][epoch 2/2][batch 14450/33199] bags=57800 loss=0.0754
[mil][epoch 2/2][batch 14500/33199] bags=58000 loss=0.0778
[mil][epoch 2/2][batch 14550/33199] bags=58200 loss=1.1677
[mil][epoch 2/2][batch 14600/33199] bags=58400 loss=1.0638
[mil][epoch 2/2][batch 14650/33199] bags=58600 loss=1.1060
[mil][epoch 2/2][batch 14700/33199] bags=58800 loss=2.4330
[mil][epoch 2/2][batch 14750/33199] bags=59000 loss=2.4933
[mil][epoch 2/2][batch 14800/33199] bags=59200 loss=0.0753
[mil] saved interval checkpoint global_step=192001
[mil][epoch 2/2][batch 14850/33199] bags=59400 loss=0.4215
[mil][epoch 2/2][batch 14900/33199] bags=59600 loss=0.1627
[mil][epoch 2/2][batch 14950/33199] bags=59800 loss=0.4642
[mil][epoch 2/2][batch 15000/33199] bags=60000 loss=0.0266
[mil][epoch 2/2][batch 15050/33199] bags=60200 loss=0.0426
[mil][epoch 2/2][batch 15100/33199] bags=60400 loss=0.2537
[mil][epoch 2/2][batch 15150/33199] bags=60600 loss=1.4826
[mil][epoch 2/2][batch 15200/33199] bags=60800 loss=0.7930
[mil][epoch 2/2][batch 15250/33199] bags=61000 loss=0.0173
[mil][epoch 2/2][batch 15300/33199] bags=61200 loss=1.3971
[mil][epoch 2/2][batch 15350/33199] bags=61400 loss=0.1832
[mil][epoch 2/2][batch 15400/33199] bags=61600 loss=0.8112
[mil][epoch 2/2][batch 15450/33199] bags=61800 loss=0.2804
[mil][epoch 2/2][batch 15500/33199] bags=62000 loss=1.7331
[mil][epoch 2/2][batch 15550/33199] bags=62200 loss=0.1533
[mil][epoch 2/2][batch 15600/33199] bags=62400 loss=0.8493
[mil][epoch 2/2][batch 15650/33199] bags=62600 loss=0.2859
[mil][epoch 2/2][batch 15700/33199] bags=62800 loss=0.0339
[mil][epoch 2/2][batch 15750/33199] bags=63000 loss=0.1939
[mil][epoch 2/2][batch 15800/33199] bags=63200 loss=0.8293
[mil] saved interval checkpoint global_step=196001
[mil][epoch 2/2][batch 15850/33199] bags=63400 loss=0.1344
[mil][epoch 2/2][batch 15900/33199] bags=63600 loss=1.8808
[mil][epoch 2/2][batch 15950/33199] bags=63800 loss=0.0790
[mil][epoch 2/2][batch 16000/33199] bags=64000 loss=0.4185
[mil][epoch 2/2][batch 16050/33199] bags=64200 loss=0.3531
[mil][epoch 2/2][batch 16100/33199] bags=64400 loss=1.0425
[mil][epoch 2/2][batch 16150/33199] bags=64600 loss=0.0782
[mil][epoch 2/2][batch 16200/33199] bags=64800 loss=0.0880
[mil][epoch 2/2][batch 16250/33199] bags=65000 loss=0.5632
[mil][epoch 2/2][batch 16300/33199] bags=65200 loss=1.1952
[mil][epoch 2/2][batch 16350/33199] bags=65400 loss=0.3074
[mil][epoch 2/2][batch 16400/33199] bags=65600 loss=0.1419
[mil][epoch 2/2][batch 16450/33199] bags=65800 loss=0.1371
[mil][epoch 2/2][batch 16500/33199] bags=66000 loss=0.5794
[mil][epoch 2/2][batch 16550/33199] bags=66200 loss=0.8070
[mil][epoch 2/2][batch 16600/33199] bags=66400 loss=0.0725
[mil][epoch 2/2][batch 16650/33199] bags=66600 loss=0.0602
[mil][epoch 2/2][batch 16700/33199] bags=66800 loss=1.0568
[mil][epoch 2/2][batch 16750/33199] bags=67000 loss=0.2241
[mil][epoch 2/2][batch 16800/33199] bags=67200 loss=1.9545
[mil] saved interval checkpoint global_step=200001
[mil][epoch 2/2][batch 16850/33199] bags=67400 loss=0.1627
[mil][epoch 2/2][batch 16900/33199] bags=67600 loss=2.2470
[mil][epoch 2/2][batch 16950/33199] bags=67800 loss=0.4877
[mil][epoch 2/2][batch 17000/33199] bags=68000 loss=1.4107
[mil][epoch 2/2][batch 17050/33199] bags=68200 loss=0.1536
[mil][epoch 2/2][batch 17100/33199] bags=68400 loss=1.6671
[mil][epoch 2/2][batch 17150/33199] bags=68600 loss=0.4440
[mil][epoch 2/2][batch 17200/33199] bags=68800 loss=0.4878
[mil][epoch 2/2][batch 17250/33199] bags=69000 loss=0.1805
[mil][epoch 2/2][batch 17300/33199] bags=69200 loss=0.2654
[mil][epoch 2/2][batch 17350/33199] bags=69400 loss=1.0519
[mil][epoch 2/2][batch 17400/33199] bags=69600 loss=0.3818
[mil][epoch 2/2][batch 17450/33199] bags=69800 loss=0.0619
[mil][epoch 2/2][batch 17500/33199] bags=70000 loss=0.6339
[mil][epoch 2/2][batch 17550/33199] bags=70200 loss=0.9884
[mil][epoch 2/2][batch 17600/33199] bags=70400 loss=1.2510
[mil][epoch 2/2][batch 17650/33199] bags=70600 loss=0.0546
[mil][epoch 2/2][batch 17700/33199] bags=70800 loss=0.1151
[mil][epoch 2/2][batch 17750/33199] bags=71000 loss=2.0544
[mil][epoch 2/2][batch 17800/33199] bags=71200 loss=0.5692
[mil] saved interval checkpoint global_step=204001
[mil][epoch 2/2][batch 17850/33199] bags=71400 loss=0.6273
[mil][epoch 2/2][batch 17900/33199] bags=71600 loss=0.2867
[mil][epoch 2/2][batch 17950/33199] bags=71800 loss=0.8373
[mil][epoch 2/2][batch 18000/33199] bags=72000 loss=0.8988
[mil][epoch 2/2][batch 18050/33199] bags=72200 loss=0.4476
[mil][epoch 2/2][batch 18100/33199] bags=72400 loss=0.2574
[mil][epoch 2/2][batch 18150/33199] bags=72600 loss=0.1000
[mil][epoch 2/2][batch 18200/33199] bags=72800 loss=0.5622
[mil][epoch 2/2][batch 18250/33199] bags=73000 loss=0.1156
[mil][epoch 2/2][batch 18300/33199] bags=73200 loss=0.1329
[mil][epoch 2/2][batch 18350/33199] bags=73400 loss=0.1403
[mil][epoch 2/2][batch 18400/33199] bags=73600 loss=0.5515
[mil][epoch 2/2][batch 18450/33199] bags=73800 loss=0.2391
[mil][epoch 2/2][batch 18500/33199] bags=74000 loss=0.3199
[mil][epoch 2/2][batch 18550/33199] bags=74200 loss=1.8558
[mil][epoch 2/2][batch 18600/33199] bags=74400 loss=0.0907
[mil][epoch 2/2][batch 18650/33199] bags=74600 loss=0.3420
[mil][epoch 2/2][batch 18700/33199] bags=74800 loss=0.4177
[mil][epoch 2/2][batch 18750/33199] bags=75000 loss=0.2355
[mil][epoch 2/2][batch 18800/33199] bags=75200 loss=0.8941
[mil] saved interval checkpoint global_step=208001
[mil][epoch 2/2][batch 18850/33199] bags=75400 loss=0.2946
[mil][epoch 2/2][batch 18900/33199] bags=75600 loss=0.4468
[mil][epoch 2/2][batch 18950/33199] bags=75800 loss=0.0410
[mil][epoch 2/2][batch 19000/33199] bags=76000 loss=0.8857
[mil][epoch 2/2][batch 19050/33199] bags=76200 loss=0.1882
[mil][epoch 2/2][batch 19100/33199] bags=76400 loss=0.6754
[mil][epoch 2/2][batch 19150/33199] bags=76600 loss=1.6261
[mil][epoch 2/2][batch 19200/33199] bags=76800 loss=0.0247
[mil][epoch 2/2][batch 19250/33199] bags=77000 loss=0.2914
[mil][epoch 2/2][batch 19300/33199] bags=77200 loss=0.4308
[mil][epoch 2/2][batch 19350/33199] bags=77400 loss=0.9332
[mil][epoch 2/2][batch 19400/33199] bags=77600 loss=0.3519
[mil][epoch 2/2][batch 19450/33199] bags=77800 loss=1.8040
[mil][epoch 2/2][batch 19500/33199] bags=78000 loss=0.5424
[mil][epoch 2/2][batch 19550/33199] bags=78200 loss=0.8388
[mil][epoch 2/2][batch 19600/33199] bags=78400 loss=0.7892
[mil][epoch 2/2][batch 19650/33199] bags=78600 loss=0.2601
[mil][epoch 2/2][batch 19700/33199] bags=78800 loss=0.1745
[mil][epoch 2/2][batch 19750/33199] bags=79000 loss=0.4670
[mil][epoch 2/2][batch 19800/33199] bags=79200 loss=0.0934
[mil] saved interval checkpoint global_step=212001
[mil][epoch 2/2][batch 19850/33199] bags=79400 loss=0.4253
[mil][epoch 2/2][batch 19900/33199] bags=79600 loss=0.2304
[mil][epoch 2/2][batch 19950/33199] bags=79800 loss=0.2112
[mil][epoch 2/2][batch 20000/33199] bags=80000 loss=0.3017
[mil][epoch 2/2][batch 20050/33199] bags=80200 loss=0.3492
[mil][epoch 2/2][batch 20100/33199] bags=80400 loss=2.7470
[mil][epoch 2/2][batch 20150/33199] bags=80600 loss=0.1373
[mil][epoch 2/2][batch 20200/33199] bags=80800 loss=0.8298
[mil][epoch 2/2][batch 20250/33199] bags=81000 loss=0.3086
[mil][epoch 2/2][batch 20300/33199] bags=81200 loss=0.9810
[mil][epoch 2/2][batch 20350/33199] bags=81400 loss=0.4447
[mil][epoch 2/2][batch 20400/33199] bags=81600 loss=0.7383
[mil][epoch 2/2][batch 20450/33199] bags=81800 loss=0.5226
[mil][epoch 2/2][batch 20500/33199] bags=82000 loss=0.2098
[mil][epoch 2/2][batch 20550/33199] bags=82200 loss=0.8346
[mil][epoch 2/2][batch 20600/33199] bags=82400 loss=0.1023
[mil][epoch 2/2][batch 20650/33199] bags=82600 loss=0.1503
[mil][epoch 2/2][batch 20700/33199] bags=82800 loss=0.4340
[mil][epoch 2/2][batch 20750/33199] bags=83000 loss=0.5271
[mil][epoch 2/2][batch 20800/33199] bags=83200 loss=0.4938
[mil] saved interval checkpoint global_step=216001
[mil][epoch 2/2][batch 20850/33199] bags=83400 loss=2.0743
[mil][epoch 2/2][batch 20900/33199] bags=83600 loss=0.3229
[mil][epoch 2/2][batch 20950/33199] bags=83800 loss=1.1164
[mil][epoch 2/2][batch 21000/33199] bags=84000 loss=0.2363
[mil][epoch 2/2][batch 21050/33199] bags=84200 loss=1.0997
[mil][epoch 2/2][batch 21100/33199] bags=84400 loss=0.7008
[mil][epoch 2/2][batch 21150/33199] bags=84600 loss=0.5201
[mil][epoch 2/2][batch 21200/33199] bags=84800 loss=0.1353
[mil][epoch 2/2][batch 21250/33199] bags=85000 loss=1.2297
[mil][epoch 2/2][batch 21300/33199] bags=85200 loss=0.4220
[mil][epoch 2/2][batch 21350/33199] bags=85400 loss=1.1000
[mil][epoch 2/2][batch 21400/33199] bags=85600 loss=0.5047
[mil][epoch 2/2][batch 21450/33199] bags=85800 loss=0.2860
[mil][epoch 2/2][batch 21500/33199] bags=86000 loss=0.1326
[mil][epoch 2/2][batch 21550/33199] bags=86200 loss=0.0464
[mil][epoch 2/2][batch 21600/33199] bags=86400 loss=0.8137
[mil][epoch 2/2][batch 21650/33199] bags=86600 loss=0.4775
[mil][epoch 2/2][batch 21700/33199] bags=86800 loss=0.5366
[mil][epoch 2/2][batch 21750/33199] bags=87000 loss=0.1175
[mil][epoch 2/2][batch 21800/33199] bags=87200 loss=0.1254
[mil] saved interval checkpoint global_step=220001
[mil][epoch 2/2][batch 21850/33199] bags=87400 loss=0.4378
[mil][epoch 2/2][batch 21900/33199] bags=87600 loss=0.0569
[mil][epoch 2/2][batch 21950/33199] bags=87800 loss=0.1113
[mil][epoch 2/2][batch 22000/33199] bags=88000 loss=0.4829
[mil][epoch 2/2][batch 22050/33199] bags=88200 loss=0.3771
[mil][epoch 2/2][batch 22100/33199] bags=88400 loss=0.7429
[mil][epoch 2/2][batch 22150/33199] bags=88600 loss=0.2884
[mil][epoch 2/2][batch 22200/33199] bags=88800 loss=0.2659
[mil][epoch 2/2][batch 22250/33199] bags=89000 loss=0.3108
[mil][epoch 2/2][batch 22300/33199] bags=89200 loss=0.1283
[mil][epoch 2/2][batch 22350/33199] bags=89400 loss=0.6992
[mil][epoch 2/2][batch 22400/33199] bags=89600 loss=0.1237
[mil][epoch 2/2][batch 22450/33199] bags=89800 loss=0.6294
[mil][epoch 2/2][batch 22500/33199] bags=90000 loss=0.4626
[mil][epoch 2/2][batch 22550/33199] bags=90200 loss=0.0909
[mil][epoch 2/2][batch 22600/33199] bags=90400 loss=0.8506
[mil][epoch 2/2][batch 22650/33199] bags=90600 loss=0.0794
[mil][epoch 2/2][batch 22700/33199] bags=90800 loss=1.7146
[mil][epoch 2/2][batch 22750/33199] bags=91000 loss=1.2129
[mil][epoch 2/2][batch 22800/33199] bags=91200 loss=0.1131
[mil] saved interval checkpoint global_step=224001
[mil][epoch 2/2][batch 22850/33199] bags=91400 loss=1.1677
[mil][epoch 2/2][batch 22900/33199] bags=91600 loss=0.8082
[mil][epoch 2/2][batch 22950/33199] bags=91800 loss=0.2380
[mil][epoch 2/2][batch 23000/33199] bags=92000 loss=0.1029
[mil][epoch 2/2][batch 23050/33199] bags=92200 loss=0.3067
[mil][epoch 2/2][batch 23100/33199] bags=92400 loss=0.2909
[mil][epoch 2/2][batch 23150/33199] bags=92600 loss=0.2361
[mil][epoch 2/2][batch 23200/33199] bags=92800 loss=0.0750
[mil][epoch 2/2][batch 23250/33199] bags=93000 loss=0.4800
[mil][epoch 2/2][batch 23300/33199] bags=93200 loss=1.0800
[mil][epoch 2/2][batch 23350/33199] bags=93400 loss=0.3945
[mil][epoch 2/2][batch 23400/33199] bags=93600 loss=1.2047
[mil][epoch 2/2][batch 23450/33199] bags=93800 loss=0.1184
[mil][epoch 2/2][batch 23500/33199] bags=94000 loss=0.0549
[mil][epoch 2/2][batch 23550/33199] bags=94200 loss=0.1189
[mil][epoch 2/2][batch 23600/33199] bags=94400 loss=1.0523
[mil][epoch 2/2][batch 23650/33199] bags=94600 loss=0.0300
[mil][epoch 2/2][batch 23700/33199] bags=94800 loss=0.0598
[mil][epoch 2/2][batch 23750/33199] bags=95000 loss=1.1060
[mil][epoch 2/2][batch 23800/33199] bags=95200 loss=1.3355
[mil] saved interval checkpoint global_step=228001
[mil][epoch 2/2][batch 23850/33199] bags=95400 loss=1.7110
[mil][epoch 2/2][batch 23900/33199] bags=95600 loss=0.6018
[mil][epoch 2/2][batch 23950/33199] bags=95800 loss=1.3235
[mil][epoch 2/2][batch 24000/33199] bags=96000 loss=0.2235
[mil][epoch 2/2][batch 24050/33199] bags=96200 loss=1.0606
[mil][epoch 2/2][batch 24100/33199] bags=96400 loss=0.5986
[mil][epoch 2/2][batch 24150/33199] bags=96600 loss=0.6183
[mil][epoch 2/2][batch 24200/33199] bags=96800 loss=0.2571
[mil][epoch 2/2][batch 24250/33199] bags=97000 loss=0.7331
[mil][epoch 2/2][batch 24300/33199] bags=97200 loss=0.1311
[mil][epoch 2/2][batch 24350/33199] bags=97400 loss=0.2518
[mil][epoch 2/2][batch 24400/33199] bags=97600 loss=0.1931
[mil][epoch 2/2][batch 24450/33199] bags=97800 loss=0.2929
[mil][epoch 2/2][batch 24500/33199] bags=98000 loss=0.9416
[mil][epoch 2/2][batch 24550/33199] bags=98200 loss=0.2471
[mil][epoch 2/2][batch 24600/33199] bags=98400 loss=0.4401
[mil][epoch 2/2][batch 24650/33199] bags=98600 loss=0.3128
[mil][epoch 2/2][batch 24700/33199] bags=98800 loss=0.2783
[mil][epoch 2/2][batch 24750/33199] bags=99000 loss=0.1061
[mil][epoch 2/2][batch 24800/33199] bags=99200 loss=0.1500
[mil] saved interval checkpoint global_step=232001
[mil][epoch 2/2][batch 24850/33199] bags=99400 loss=0.2397
[mil][epoch 2/2][batch 24900/33199] bags=99600 loss=0.3179
[mil][epoch 2/2][batch 24950/33199] bags=99800 loss=1.3569
[mil][epoch 2/2][batch 25000/33199] bags=100000 loss=0.5353
[mil][epoch 2/2][batch 25050/33199] bags=100200 loss=0.2731
[mil][epoch 2/2][batch 25100/33199] bags=100400 loss=0.9603
[mil][epoch 2/2][batch 25150/33199] bags=100600 loss=0.2686
[mil][epoch 2/2][batch 25200/33199] bags=100800 loss=0.0497
[mil][epoch 2/2][batch 25250/33199] bags=101000 loss=0.4367
[mil][epoch 2/2][batch 25300/33199] bags=101200 loss=0.2272
[mil][epoch 2/2][batch 25350/33199] bags=101400 loss=0.8926
[mil][epoch 2/2][batch 25400/33199] bags=101600 loss=1.6068
[mil][epoch 2/2][batch 25450/33199] bags=101800 loss=0.0451
[mil][epoch 2/2][batch 25500/33199] bags=102000 loss=0.4047
[mil][epoch 2/2][batch 25550/33199] bags=102200 loss=0.2531
[mil][epoch 2/2][batch 25600/33199] bags=102400 loss=1.1675
[mil][epoch 2/2][batch 25650/33199] bags=102600 loss=0.1506
[mil][epoch 2/2][batch 25700/33199] bags=102800 loss=0.0661
[mil][epoch 2/2][batch 25750/33199] bags=103000 loss=0.0388
[mil][epoch 2/2][batch 25800/33199] bags=103200 loss=0.0880
[mil] saved interval checkpoint global_step=236001
[mil][epoch 2/2][batch 25850/33199] bags=103400 loss=0.0898
[mil][epoch 2/2][batch 25900/33199] bags=103600 loss=0.9245
[mil][epoch 2/2][batch 25950/33199] bags=103800 loss=0.2569
[mil][epoch 2/2][batch 26000/33199] bags=104000 loss=0.2932
[mil][epoch 2/2][batch 26050/33199] bags=104200 loss=0.5622
[mil][epoch 2/2][batch 26100/33199] bags=104400 loss=0.8870
[mil][epoch 2/2][batch 26150/33199] bags=104600 loss=0.2939
[mil][epoch 2/2][batch 26200/33199] bags=104800 loss=0.5414
[mil][epoch 2/2][batch 26250/33199] bags=105000 loss=0.9174
[mil][epoch 2/2][batch 26300/33199] bags=105200 loss=0.1039
[mil][epoch 2/2][batch 26350/33199] bags=105400 loss=0.3990
[mil][epoch 2/2][batch 26400/33199] bags=105600 loss=0.3231
[mil][epoch 2/2][batch 26450/33199] bags=105800 loss=0.2160
[mil][epoch 2/2][batch 26500/33199] bags=106000 loss=0.2467
[mil][epoch 2/2][batch 26550/33199] bags=106200 loss=1.2306
[mil][epoch 2/2][batch 26600/33199] bags=106400 loss=0.1185
[mil][epoch 2/2][batch 26650/33199] bags=106600 loss=0.2724
[mil][epoch 2/2][batch 26700/33199] bags=106800 loss=0.2644
[mil][epoch 2/2][batch 26750/33199] bags=107000 loss=0.7505
[mil][epoch 2/2][batch 26800/33199] bags=107200 loss=0.2529
[mil] saved interval checkpoint global_step=240001
[mil][epoch 2/2][batch 26850/33199] bags=107400 loss=0.0681
[mil][epoch 2/2][batch 26900/33199] bags=107600 loss=0.1086
[mil][epoch 2/2][batch 26950/33199] bags=107800 loss=0.8619
[mil][epoch 2/2][batch 27000/33199] bags=108000 loss=0.0148
[mil][epoch 2/2][batch 27050/33199] bags=108200 loss=0.2019
[mil][epoch 2/2][batch 27100/33199] bags=108400 loss=0.3275
[mil][epoch 2/2][batch 27150/33199] bags=108600 loss=1.0866
[mil][epoch 2/2][batch 27200/33199] bags=108800 loss=0.7833
[mil][epoch 2/2][batch 27250/33199] bags=109000 loss=0.0646
[mil][epoch 2/2][batch 27300/33199] bags=109200 loss=0.1321
[mil][epoch 2/2][batch 27350/33199] bags=109400 loss=0.8686
[mil][epoch 2/2][batch 27400/33199] bags=109600 loss=0.8148
[mil][epoch 2/2][batch 27450/33199] bags=109800 loss=1.4548
[mil][epoch 2/2][batch 27500/33199] bags=110000 loss=0.3540
[mil][epoch 2/2][batch 27550/33199] bags=110200 loss=0.0970
[mil][epoch 2/2][batch 27600/33199] bags=110400 loss=0.5840
[mil][epoch 2/2][batch 27650/33199] bags=110600 loss=1.5498
[mil][epoch 2/2][batch 27700/33199] bags=110800 loss=0.4618
[mil][epoch 2/2][batch 27750/33199] bags=111000 loss=0.0501
[mil][epoch 2/2][batch 27800/33199] bags=111200 loss=1.1573
[mil] saved interval checkpoint global_step=244001
[mil][epoch 2/2][batch 27850/33199] bags=111400 loss=0.1555
[mil][epoch 2/2][batch 27900/33199] bags=111600 loss=2.7417
[mil][epoch 2/2][batch 27950/33199] bags=111800 loss=0.0543
[mil][epoch 2/2][batch 28000/33199] bags=112000 loss=1.0028
[mil][epoch 2/2][batch 28050/33199] bags=112200 loss=1.0452
[mil][epoch 2/2][batch 28100/33199] bags=112400 loss=0.0283
[mil][epoch 2/2][batch 28150/33199] bags=112600 loss=0.8297
[mil][epoch 2/2][batch 28200/33199] bags=112800 loss=0.1405
[mil][epoch 2/2][batch 28250/33199] bags=113000 loss=0.4068
[mil][epoch 2/2][batch 28300/33199] bags=113200 loss=1.3897
[mil][epoch 2/2][batch 28350/33199] bags=113400 loss=0.7256
[mil][epoch 2/2][batch 28400/33199] bags=113600 loss=0.1983
[mil][epoch 2/2][batch 28450/33199] bags=113800 loss=0.5204
[mil][epoch 2/2][batch 28500/33199] bags=114000 loss=0.4645
[mil][epoch 2/2][batch 28550/33199] bags=114200 loss=0.2272
[mil][epoch 2/2][batch 28600/33199] bags=114400 loss=0.1536
[mil][epoch 2/2][batch 28650/33199] bags=114600 loss=0.1783
[mil][epoch 2/2][batch 28700/33199] bags=114800 loss=0.7529
[mil][epoch 2/2][batch 28750/33199] bags=115000 loss=0.4473
[mil][epoch 2/2][batch 28800/33199] bags=115200 loss=0.9263
[mil] saved interval checkpoint global_step=248001
[mil][epoch 2/2][batch 28850/33199] bags=115400 loss=0.2672
[mil][epoch 2/2][batch 28900/33199] bags=115600 loss=0.3085
[mil][epoch 2/2][batch 28950/33199] bags=115800 loss=0.4322
[mil][epoch 2/2][batch 29000/33199] bags=116000 loss=0.7045
[mil][epoch 2/2][batch 29050/33199] bags=116200 loss=0.1633
[mil][epoch 2/2][batch 29100/33199] bags=116400 loss=0.4494
[mil][epoch 2/2][batch 29150/33199] bags=116600 loss=0.0822
[mil][epoch 2/2][batch 29200/33199] bags=116800 loss=0.2282
[mil][epoch 2/2][batch 29250/33199] bags=117000 loss=2.2230
[mil][epoch 2/2][batch 29300/33199] bags=117200 loss=0.1371
[mil][epoch 2/2][batch 29350/33199] bags=117400 loss=1.2655
[mil][epoch 2/2][batch 29400/33199] bags=117600 loss=0.4390
[mil][epoch 2/2][batch 29450/33199] bags=117800 loss=0.6942
[mil][epoch 2/2][batch 29500/33199] bags=118000 loss=0.0103
[mil][epoch 2/2][batch 29550/33199] bags=118200 loss=1.2947
[mil][epoch 2/2][batch 29600/33199] bags=118400 loss=0.1830
[mil][epoch 2/2][batch 29650/33199] bags=118600 loss=0.3061
[mil][epoch 2/2][batch 29700/33199] bags=118800 loss=0.6484
[mil][epoch 2/2][batch 29750/33199] bags=119000 loss=0.7703
[mil][epoch 2/2][batch 29800/33199] bags=119200 loss=0.0749
[mil] saved interval checkpoint global_step=252001
[mil][epoch 2/2][batch 29850/33199] bags=119400 loss=0.0577
[mil][epoch 2/2][batch 29900/33199] bags=119600 loss=0.7696
[mil][epoch 2/2][batch 29950/33199] bags=119800 loss=2.0357
[mil][epoch 2/2][batch 30000/33199] bags=120000 loss=0.0134
[mil][epoch 2/2][batch 30050/33199] bags=120200 loss=0.9373
[mil][epoch 2/2][batch 30100/33199] bags=120400 loss=0.4091
[mil][epoch 2/2][batch 30150/33199] bags=120600 loss=0.0447
[mil][epoch 2/2][batch 30200/33199] bags=120800 loss=0.6064
[mil][epoch 2/2][batch 30250/33199] bags=121000 loss=0.0221
[mil][epoch 2/2][batch 30300/33199] bags=121200 loss=0.5412
[mil][epoch 2/2][batch 30350/33199] bags=121400 loss=0.3163
[mil][epoch 2/2][batch 30400/33199] bags=121600 loss=0.1859
[mil][epoch 2/2][batch 30450/33199] bags=121800 loss=0.0581
[mil][epoch 2/2][batch 30500/33199] bags=122000 loss=0.1410
[mil][epoch 2/2][batch 30550/33199] bags=122200 loss=0.6307
[mil][epoch 2/2][batch 30600/33199] bags=122400 loss=1.1106
[mil][epoch 2/2][batch 30650/33199] bags=122600 loss=0.3285
[mil][epoch 2/2][batch 30700/33199] bags=122800 loss=0.9876
[mil][epoch 2/2][batch 30750/33199] bags=123000 loss=0.0128
[mil][epoch 2/2][batch 30800/33199] bags=123200 loss=0.9192
[mil] saved interval checkpoint global_step=256001
[mil][epoch 2/2][batch 30850/33199] bags=123400 loss=0.3899
[mil][epoch 2/2][batch 30900/33199] bags=123600 loss=0.1028
[mil][epoch 2/2][batch 30950/33199] bags=123800 loss=0.0939
[mil][epoch 2/2][batch 31000/33199] bags=124000 loss=0.2423
[mil][epoch 2/2][batch 31050/33199] bags=124200 loss=1.3434
[mil][epoch 2/2][batch 31100/33199] bags=124400 loss=0.4969
[mil][epoch 2/2][batch 31150/33199] bags=124600 loss=0.1845
[mil][epoch 2/2][batch 31200/33199] bags=124800 loss=0.5340
[mil][epoch 2/2][batch 31250/33199] bags=125000 loss=0.1883
[mil][epoch 2/2][batch 31300/33199] bags=125200 loss=0.6265
[mil][epoch 2/2][batch 31350/33199] bags=125400 loss=0.1094
[mil][epoch 2/2][batch 31400/33199] bags=125600 loss=0.3380
[mil][epoch 2/2][batch 31450/33199] bags=125800 loss=1.0037
[mil][epoch 2/2][batch 31500/33199] bags=126000 loss=0.6030
[mil][epoch 2/2][batch 31550/33199] bags=126200 loss=0.4560
[mil][epoch 2/2][batch 31600/33199] bags=126400 loss=0.1203
[mil][epoch 2/2][batch 31650/33199] bags=126600 loss=2.8475
[mil][epoch 2/2][batch 31700/33199] bags=126800 loss=0.4090
[mil][epoch 2/2][batch 31750/33199] bags=127000 loss=0.7205
[mil][epoch 2/2][batch 31800/33199] bags=127200 loss=0.5784
[mil] saved interval checkpoint global_step=260001
[mil][epoch 2/2][batch 31850/33199] bags=127400 loss=0.7409
[mil][epoch 2/2][batch 31900/33199] bags=127600 loss=0.0140
[mil][epoch 2/2][batch 31950/33199] bags=127800 loss=0.8423
[mil][epoch 2/2][batch 32000/33199] bags=128000 loss=1.1380
[mil][epoch 2/2][batch 32050/33199] bags=128200 loss=0.9593
[mil][epoch 2/2][batch 32100/33199] bags=128400 loss=0.0857
[mil][epoch 2/2][batch 32150/33199] bags=128600 loss=0.4296
[mil][epoch 2/2][batch 32200/33199] bags=128800 loss=0.1537
[mil][epoch 2/2][batch 32250/33199] bags=129000 loss=0.6073
[mil][epoch 2/2][batch 32300/33199] bags=129200 loss=0.3962
[mil][epoch 2/2][batch 32350/33199] bags=129400 loss=0.9291
[mil][epoch 2/2][batch 32400/33199] bags=129600 loss=0.7533
[mil][epoch 2/2][batch 32450/33199] bags=129800 loss=0.3437
[mil][epoch 2/2][batch 32500/33199] bags=130000 loss=0.2123
[mil][epoch 2/2][batch 32550/33199] bags=130200 loss=0.0903
[mil][epoch 2/2][batch 32600/33199] bags=130400 loss=1.2566
[mil][epoch 2/2][batch 32650/33199] bags=130600 loss=1.5421
[mil][epoch 2/2][batch 32700/33199] bags=130800 loss=0.3571
[mil][epoch 2/2][batch 32750/33199] bags=131000 loss=0.3264
[mil][epoch 2/2][batch 32800/33199] bags=131200 loss=0.0622
[mil] saved interval checkpoint global_step=264001
[mil][epoch 2/2][batch 32850/33199] bags=131400 loss=0.8895
[mil][epoch 2/2][batch 32900/33199] bags=131600 loss=1.0959
[mil][epoch 2/2][batch 32950/33199] bags=131800 loss=0.3217
[mil][epoch 2/2][batch 33000/33199] bags=132000 loss=0.3861
[mil][epoch 2/2][batch 33050/33199] bags=132200 loss=0.5967
[mil][epoch 2/2][batch 33100/33199] bags=132400 loss=0.2696
[mil][epoch 2/2][batch 33150/33199] bags=132600 loss=0.8826
[mil][epoch 2/2][batch 33199/33199] bags=132793 loss=0.0364
[mil][epoch 2][val][batch 1/190] bags=4
[mil][epoch 2][val][batch 50/190] bags=200
[mil][epoch 2][val][batch 100/190] bags=400
[mil][epoch 2][val][batch 150/190] bags=600
[mil][epoch 2][val][batch 190/190] bags=760
[mil][epoch 2/2] train_loss=0.5570 train_f1=0.8135 val_loss=0.7531 val_f1=0.7666
[mil][test][batch 1/190] bags=4
[mil][test][batch 50/190] bags=200
[mil][test][batch 100/190] bags=400
[mil][test][batch 150/190] bags=600
[mil][test][batch 190/190] bags=760
{
  "exp_dir": "/Users/Sonny/Research/W\uff5cECFGClassifier/experiments/task_aware_denoiser_finetune/mil_experiments/exp_002",
  "best_val_macro_f1": 0.7666073005125785,
  "test_macro_f1": 0.7864077701291289
}
