[manifest] resolving 20 day folders
[manifest] class=21AvB selected=7696 train=6156 val=770 test=770
[manifest] class=AF selected=9997 train=7997 val=1000 test=1000
[manifest] class=AtCou selected=9993 train=7995 val=999 test=999
[manifest] class=AtRun selected=9998 train=7998 val=1000 test=1000
[manifest] class=ComHB selected=3427 train=2741 val=343 test=343
[manifest] class=EctAR selected=9325 train=7461 val=932 test=932
[manifest] class=EctAt selected=9998 train=7998 val=1000 test=1000
[manifest] class=EctVe selected=9998 train=7998 val=1000 test=1000
[manifest] class=Idiov selected=458 train=366 val=46 test=46
[manifest] class=JuRhy selected=9443 train=7555 val=944 test=944
[manifest] class=Noise selected=19299 train=15439 val=1930 test=1930
[manifest] class=PaRhy selected=3121 train=2497 val=312 test=312
[manifest] class=Pause selected=8173 train=6539 val=817 test=817
[manifest] class=SArrh selected=10000 train=8000 val=1000 test=1000
[manifest] class=SRhy selected=9997 train=7997 val=1000 test=1000
[manifest] class=SVT selected=9674 train=7740 val=967 test=967
[manifest] class=VT selected=5402 train=4322 val=540 test=540
[manifest] class=VeCou selected=9997 train=7997 val=1000 test=1000
[manifest] class=Wenck selected=9997 train=7997 val=1000 test=1000
[manifest] total_files=165993 total_windows=1330782
{
  "exp_dir": "/Users/Sonny/Research/W\uff5cECFGClassifier/experiments/task_aware_denoiser_finetune/exp_015",
  "device": "cpu",
  "train_windows": 1064590,
  "val_windows": 133093,
  "test_windows": 133099,
  "mapping_preset": "raw19_identity",
  "classifier_input": "raw",
  "classifier_only": true,
  "batch_size": 64,
  "num_workers": 0,
  "file_batch_sampler": true,
  "checkpoint_every_batches": 4000,
  "class_order": [
    "21AvB",
    "AF",
    "AtCou",
    "AtRun",
    "ComHB",
    "EctAR",
    "EctAt",
    "EctVe",
    "Idiov",
    "JuRhy",
    "Noise",
    "PaRhy",
    "Pause",
    "SArrh",
    "SRhy",
    "SVT",
    "VT",
    "VeCou",
    "Wenck"
  ]
}
[init] pretrained_cnn_bilstm from best_model.pt loaded 41 tensors; skipped 2 mismatched tensors
[init] fine-tune warm start from best_state_dict.pt loaded 41 tensors; skipped 2 mismatched tensors
[stage1][epoch 1/2][batch 1/16635] loss=3.0818
[stage1][epoch 1/2][batch 100/16635] loss=2.5871
[stage1][epoch 1/2][batch 200/16635] loss=2.0940
[stage1][epoch 1/2][batch 300/16635] loss=2.2990
[stage1][epoch 1/2][batch 400/16635] loss=2.4691
[stage1][epoch 1/2][batch 500/16635] loss=1.6157
[stage1][epoch 1/2][batch 600/16635] loss=1.6762
[stage1][epoch 1/2][batch 700/16635] loss=2.0067
[stage1][epoch 1/2][batch 800/16635] loss=2.0983
[stage1][epoch 1/2][batch 900/16635] loss=2.0497
[stage1][epoch 1/2][batch 1000/16635] loss=2.9401
[stage1][epoch 1/2][batch 1100/16635] loss=2.1323
[stage1][epoch 1/2][batch 1200/16635] loss=1.9244
[stage1][epoch 1/2][batch 1300/16635] loss=2.1858
[stage1][epoch 1/2][batch 1400/16635] loss=1.5540
[stage1][epoch 1/2][batch 1500/16635] loss=1.7369
[stage1][epoch 1/2][batch 1600/16635] loss=1.5053
[stage1][epoch 1/2][batch 1700/16635] loss=1.8179
[stage1][epoch 1/2][batch 1800/16635] loss=2.0767
[stage1][epoch 1/2][batch 1900/16635] loss=1.3059
[stage1][epoch 1/2][batch 2000/16635] loss=1.1507
[stage1][epoch 1/2][batch 2100/16635] loss=1.1682
[stage1][epoch 1/2][batch 2200/16635] loss=1.7286
[stage1][epoch 1/2][batch 2300/16635] loss=1.8942
[stage1][epoch 1/2][batch 2400/16635] loss=1.8304
[stage1][epoch 1/2][batch 2500/16635] loss=2.2563
[stage1][epoch 1/2][batch 2600/16635] loss=2.3711
[stage1][epoch 1/2][batch 2700/16635] loss=1.3951
[stage1][epoch 1/2][batch 2800/16635] loss=1.3185
[stage1][epoch 1/2][batch 2900/16635] loss=1.5273
[stage1][epoch 1/2][batch 3000/16635] loss=2.2775
[stage1][epoch 1/2][batch 3100/16635] loss=1.4739
[stage1][epoch 1/2][batch 3200/16635] loss=1.4122
[stage1][epoch 1/2][batch 3300/16635] loss=1.5597
[stage1][epoch 1/2][batch 3400/16635] loss=1.6596
[stage1][epoch 1/2][batch 3500/16635] loss=1.6847
[stage1][epoch 1/2][batch 3600/16635] loss=1.6954
[stage1][epoch 1/2][batch 3700/16635] loss=1.2006
[stage1][epoch 1/2][batch 3800/16635] loss=0.9571
[stage1][epoch 1/2][batch 3900/16635] loss=1.0542
[stage1][epoch 1/2][batch 4000/16635] loss=1.1880
[stage1] saved interval checkpoint step=4000 epoch=1 batch=4000
[stage1][step 4000] running validation
